Component: ARM Compiler 5.06 update 7 (build 960) Tool: armlink [4d3601]

==============================================================================

Section Cross References

    startup_stm32f405xx.o(STACK) refers (Special) to heapauxi.o(.text) for __use_two_region_memory
    startup_stm32f405xx.o(HEAP) refers (Special) to heapauxi.o(.text) for __use_two_region_memory
    startup_stm32f405xx.o(RESET) refers (Special) to heapauxi.o(.text) for __use_two_region_memory
    startup_stm32f405xx.o(RESET) refers to startup_stm32f405xx.o(STACK) for __initial_sp
    startup_stm32f405xx.o(RESET) refers to startup_stm32f405xx.o(.text) for Reset_Handler
    startup_stm32f405xx.o(RESET) refers to stm32f4xx_it.o(i.NMI_Handler) for NMI_Handler
    startup_stm32f405xx.o(RESET) refers to stm32f4xx_it.o(i.HardFault_Handler) for HardFault_Handler
    startup_stm32f405xx.o(RESET) refers to stm32f4xx_it.o(i.MemManage_Handler) for MemManage_Handler
    startup_stm32f405xx.o(RESET) refers to stm32f4xx_it.o(i.BusFault_Handler) for BusFault_Handler
    startup_stm32f405xx.o(RESET) refers to stm32f4xx_it.o(i.UsageFault_Handler) for UsageFault_Handler
    startup_stm32f405xx.o(RESET) refers to stm32f4xx_it.o(i.SVC_Handler) for SVC_Handler
    startup_stm32f405xx.o(RESET) refers to stm32f4xx_it.o(i.DebugMon_Handler) for DebugMon_Handler
    startup_stm32f405xx.o(RESET) refers to stm32f4xx_it.o(i.PendSV_Handler) for PendSV_Handler
    startup_stm32f405xx.o(RESET) refers to stm32f4xx_it.o(i.SysTick_Handler) for SysTick_Handler
    startup_stm32f405xx.o(RESET) refers to stm32f4xx_it.o(i.ADC_IRQHandler) for ADC_IRQHandler
    startup_stm32f405xx.o(RESET) refers to stm32f4xx_it.o(i.SPI1_IRQHandler) for SPI1_IRQHandler
    startup_stm32f405xx.o(RESET) refers to stm32f4xx_it.o(i.TIM5_IRQHandler) for TIM5_IRQHandler
    startup_stm32f405xx.o(RESET) refers to stm32f4xx_it.o(i.DMA2_Stream0_IRQHandler) for DMA2_Stream0_IRQHandler
    startup_stm32f405xx.o(.text) refers (Special) to heapauxi.o(.text) for __use_two_region_memory
    startup_stm32f405xx.o(.text) refers to system_stm32f4xx.o(i.SystemInit) for SystemInit
    startup_stm32f405xx.o(.text) refers to __main.o(!!!main) for __main
    startup_stm32f405xx.o(.text) refers to startup_stm32f405xx.o(HEAP) for Heap_Mem
    startup_stm32f405xx.o(.text) refers to startup_stm32f405xx.o(STACK) for Stack_Mem
    main.o(i.SystemClock_Config) refers to rt_memclr_w.o(.text) for __aeabi_memclr4
    main.o(i.SystemClock_Config) refers to stm32f4xx_hal_rcc.o(i.HAL_RCC_OscConfig) for HAL_RCC_OscConfig
    main.o(i.SystemClock_Config) refers to main.o(i.Error_Handler) for Error_Handler
    main.o(i.SystemClock_Config) refers to stm32f4xx_hal_rcc.o(i.HAL_RCC_ClockConfig) for HAL_RCC_ClockConfig
    main.o(i.main) refers to stm32f4xx_hal.o(i.HAL_Init) for HAL_Init
    main.o(i.main) refers to main.o(i.SystemClock_Config) for SystemClock_Config
    main.o(i.main) refers to gpio.o(i.MX_GPIO_Init) for MX_GPIO_Init
    main.o(i.main) refers to tim.o(i.MX_TIM1_Init) for MX_TIM1_Init
    main.o(i.main) refers to dma.o(i.MX_DMA_Init) for MX_DMA_Init
    main.o(i.main) refers to adc.o(i.MX_ADC1_Init) for MX_ADC1_Init
    main.o(i.main) refers to spi.o(i.MX_SPI1_Init) for MX_SPI1_Init
    main.o(i.main) refers to usart.o(i.MX_USART1_UART_Init) for MX_USART1_UART_Init
    main.o(i.main) refers to spi.o(i.MX_SPI3_Init) for MX_SPI3_Init
    main.o(i.main) refers to tim.o(i.MX_TIM5_Init) for MX_TIM5_Init
    main.o(i.main) refers to motor.o(i.board_config) for board_config
    main.o(i.main) refers to user_fcn.o(i.gui_init) for gui_init
    main.o(i.main) refers to user_fcn.o(i.dis_info_core) for dis_info_core
    gpio.o(i.MX_GPIO_Init) refers to rt_memclr_w.o(.text) for __aeabi_memclr4
    gpio.o(i.MX_GPIO_Init) refers to stm32f4xx_hal_gpio.o(i.HAL_GPIO_WritePin) for HAL_GPIO_WritePin
    gpio.o(i.MX_GPIO_Init) refers to stm32f4xx_hal_gpio.o(i.HAL_GPIO_Init) for HAL_GPIO_Init
    adc.o(i.HAL_ADC_MspDeInit) refers to stm32f4xx_hal_gpio.o(i.HAL_GPIO_DeInit) for HAL_GPIO_DeInit
    adc.o(i.HAL_ADC_MspDeInit) refers to stm32f4xx_hal_dma.o(i.HAL_DMA_DeInit) for HAL_DMA_DeInit
    adc.o(i.HAL_ADC_MspDeInit) refers to stm32f4xx_hal_cortex.o(i.HAL_NVIC_DisableIRQ) for HAL_NVIC_DisableIRQ
    adc.o(i.HAL_ADC_MspInit) refers to rt_memclr_w.o(.text) for __aeabi_memclr4
    adc.o(i.HAL_ADC_MspInit) refers to stm32f4xx_hal_gpio.o(i.HAL_GPIO_Init) for HAL_GPIO_Init
    adc.o(i.HAL_ADC_MspInit) refers to stm32f4xx_hal_dma.o(i.HAL_DMA_Init) for HAL_DMA_Init
    adc.o(i.HAL_ADC_MspInit) refers to main.o(i.Error_Handler) for Error_Handler
    adc.o(i.HAL_ADC_MspInit) refers to stm32f4xx_hal_cortex.o(i.HAL_NVIC_SetPriority) for HAL_NVIC_SetPriority
    adc.o(i.HAL_ADC_MspInit) refers to stm32f4xx_hal_cortex.o(i.HAL_NVIC_EnableIRQ) for HAL_NVIC_EnableIRQ
    adc.o(i.HAL_ADC_MspInit) refers to adc.o(.bss) for hdma_adc1
    adc.o(i.MX_ADC1_Init) refers to rt_memclr_w.o(.text) for __aeabi_memclr4
[...]
    Heap_Mem                                 0x20000420   Data         512  startup_stm32f405xx.o(HEAP)
    STACK                                    0x20000620   Section     1024  startup_stm32f405xx.o(STACK)
    Stack_Mem                                0x20000620   Data        1024  startup_stm32f405xx.o(STACK)
    __initial_sp                             0x20000a20   Data           0  startup_stm32f405xx.o(STACK)

    Global Symbols

    Symbol Name                              Value     Ov Type        Size  Object(Section)

    BuildAttributes$$THM_ISAv4$E$P$D$K$B$S$7EM$VFPi3$EXTD16$VFPS$VFMA$PE$A:L22UL41UL21$X:L11$S22US41US21$IEEE1$IW$USESV6$~STKCKD$USESV7$~SHL$OTIME$ROPI$IEEEX$EBA8$UX$STANDARDLIB$REQ8$PRES8$EABIv2 0x00000000   Number         0  anon$$obj.o ABSOLUTE
    __ARM_use_no_argv                        0x00000000   Number         0  main.o ABSOLUTE
    _printf_flags                            0x00000000   Number         0  printf_stubs.o ABSOLUTE
    _printf_return_value                     0x00000000   Number         0  printf_stubs.o ABSOLUTE
    _printf_sizespec                         0x00000000   Number         0  printf_stubs.o ABSOLUTE
    _printf_widthprec                        0x00000000   Number         0  printf_stubs.o ABSOLUTE
    __ARM_exceptions_init                     - Undefined Weak Reference
    __alloca_initialize                       - Undefined Weak Reference
    __arm_fini_                               - Undefined Weak Reference
    __arm_preinit_                            - Undefined Weak Reference
    __cpp_initialize__aeabi_                  - Undefined Weak Reference
    __cxa_finalize                            - Undefined Weak Reference
    __sigvec_lookup                           - Undefined Weak Reference
    _atexit_init                              - Undefined Weak Reference
    _call_atexit_fns                          - Undefined Weak Reference
    _clock_init                               - Undefined Weak Reference
    _fp_trap_big                              - Undefined Weak Reference
    _fp_trap_init                             - Undefined Weak Reference
    _fp_trap_shutdown                         - Undefined Weak Reference
    _get_lc_collate                           - Undefined Weak Reference
    _get_lc_ctype                             - Undefined Weak Reference
    _get_lc_monetary                          - Undefined Weak Reference
    _get_lc_time                              - Undefined Weak Reference
    _getenv_init                              - Undefined Weak Reference
    _handle_redirection                       - Undefined Weak Reference
    _init_alloc                               - Undefined Weak Reference
    _init_user_alloc                          - Undefined Weak Reference
    _initio                                   - Undefined Weak Reference
    _mutex_acquire                            - Undefined Weak Reference
    _mutex_release                            - Undefined Weak Reference
    _printf_post_padding                      - Undefined Weak Reference
    _printf_pre_padding                       - Undefined Weak Reference
    _rand_init                                - Undefined Weak Reference
    _signal_finish                            - Undefined Weak Reference
    _signal_init                              - Undefined Weak Reference
    _terminate_alloc                          - Undefined Weak Reference
    _terminate_user_alloc                     - Undefined Weak Reference
    _terminateio                              - Undefined Weak Reference
    __Vectors_Size                           0x00000188   Number         0  startup_stm32f405xx.o ABSOLUTE
    __Vectors                                0x08000000   Data           4  startup_stm32f405xx.o(RESET)
    __Vectors_End                            0x08000188   Data           0  startup_stm32f405xx.o(RESET)
    __main                                   0x08000189   Thumb Code     8  __main.o(!!!main)
    __scatterload                            0x08000191   Thumb Code     0  __scatter.o(!!!scatter)
    __scatterload_rt2                        0x08000191   Thumb Code    44  __scatter.o(!!!scatter)
    __scatterload_rt2_thumb_only             0x08000191   Thumb Code     0  __scatter.o(!!!scatter)
    __scatterload_null                       0x0800019f   Thumb Code     0  __scatter.o(!!!scatter)
    __scatterload_copy                       0x080001c5   Thumb Code    26  __scatter_copy.o(!!handler_copy)
    __scatterload_zeroinit                   0x080001e1   Thumb Code    28  __scatter_zi.o(!!handler_zi)
    _printf_f                                0x080001fd   Thumb Code     0  _printf_f.o(.ARM.Collect$$_printf_percent$$00000003)
    _printf_percent                          0x080001fd   Thumb Code     0  _printf_percent.o(.ARM.Collect$$_printf_percent$$00000000)
    _printf_percent_end                      0x08000203   Thumb Code     0  _printf_percent_end.o(.ARM.Collect$$_printf_percent$$00000017)
    __rt_lib_init                            0x08000207   Thumb Code     0  libinit.o(.ARM.Collect$$libinit$$00000000)
    __rt_lib_init_fp_1                       0x08000209   Thumb Code     0  libinit2.o(.ARM.Collect$$libinit$$00000001)
    __rt_lib_init_heap_1                     0x0800020d   Thumb Code     0  libinit2.o(.ARM.Collect$$libinit$$0000000A)
    __rt_lib_init_lc_common                  0x0800020d   Thumb Code     0  libinit2.o(.ARM.Collect$$libinit$$0000000F)
    __rt_lib_init_preinit_1                  0x0800020d   Thumb Code     0  libinit2.o(.ARM.Collect$$libinit$$00000004)
    __rt_lib_init_rand_1                     0x0800020d   Thumb Code     0  libinit2.o(.ARM.Collect$$libinit$$0000000E)
    __rt_lib_init_user_alloc_1               0x0800020d   Thumb Code     0  libinit2.o(.ARM.Collect$$libinit$$0000000C)
    __rt_lib_init_lc_collate_1               0x08000213   Thumb Code     0  libinit2.o(.ARM.Collect$$libinit$$00000011)
    __rt_lib_init_lc_ctype_1                 0x08000213   Thumb Code     0  libinit2.o(.ARM.Collect$$libinit$$00000013)
    __rt_lib_init_lc_monetary_1              0x08000213   Thumb Code     0  libinit2.o(.ARM.Collect$$libinit$$00000015)
    __rt_lib_init_lc_numeric_2               0x08000213   Thumb Code     0  libinit2.o(.ARM.Collect$$libinit$$00000016)
    __rt_lib_init_alloca_1                   0x0800021d   Thumb Code     0  libinit2.o(.ARM.Collect$$libinit$$0000002E)
    __rt_lib_init_argv_1                     0x0800021d   Thumb Code     0  libinit2.o(.ARM.Collect$$libinit$$0000002C)
    __rt_lib_init_atexit_1                   0x0800021d   Thumb Code     0  libinit2.o(.ARM.Collect$$libinit$$0000001B)
    __rt_lib_init_clock_1                    0x0800021d   Thumb Code     0  libinit2.o(.ARM.Collect$$libinit$$00000021)
    __rt_lib_init_cpp_1                      0x0800021d   Thumb Code     0  libinit2.o(.ARM.Collect$$libinit$$00000032)
    __rt_lib_init_exceptions_1               0x0800021d   Thumb Code     0  libinit2.o(.ARM.Collect$$libinit$$00000030)
    __rt_lib_init_fp_trap_1                  0x0800021d   Thumb Code     0  libinit2.o(.ARM.Collect$$libinit$$0000001F)
    __rt_lib_init_getenv_1                   0x0800021d   Thumb Code     0  libinit2.o(.ARM.Collect$$libinit$$00000023)
    __rt_lib_init_lc_numeric_1               0x0800021d   Thumb Code     0  libinit2.o(.ARM.Collect$$libinit$$00000017)
    __rt_lib_init_lc_time_1                  0x0800021d   Thumb Code     0  libinit2.o(.ARM.Collect$$libinit$$00000019)
    __rt_lib_init_return                     0x0800021d   Thumb Code     0  libinit2.o(.ARM.Collect$$libinit$$00000033)
    __rt_lib_init_signal_1                   0x0800021d   Thumb Code     0  libinit2.o(.ARM.Collect$$libinit$$0000001D)
    __rt_lib_init_stdio_1                    0x0800021d   Thumb Code     0  libinit2.o(.ARM.Collect$$libinit$$00000025)
    __rt_lib_shutdown                        0x0800021f   Thumb Code     0  libshutdown.o(.ARM.Collect$$libshutdown$$00000000)
    __rt_lib_shutdown_cpp_1                  0x08000221   Thumb Code     0  libshutdown2.o(.ARM.Collect$$libshutdown$$00000004)
    __rt_lib_shutdown_fini_1                 0x08000221   Thumb Code     0  libshutdown2.o(.ARM.Collect$$libshutdown$$00000002)
    __rt_lib_shutdown_fp_trap_1              0x08000221   Thumb Code     0  libshutdown2.o(.ARM.Collect$$libshutdown$$00000009)
    __rt_lib_shutdown_heap_1                 0x08000221   Thumb Code     0  libshutdown2.o(.ARM.Collect$$libshutdown$$00000011)
    __rt_lib_shutdown_return                 0x08000221   Thumb Code     0  libshutdown2.o(.ARM.Collect$$libshutdown$$00000012)
    __rt_lib_shutdown_signal_1               0x08000221   Thumb Code     0  libshutdown2.o(.ARM.Collect$$libshutdown$$0000000C)
    __rt_lib_shutdown_stdio_1                0x08000221   Thumb Code     0  libshutdown2.o(.ARM.Collect$$libshutdown$$00000006)
    __rt_lib_shutdown_user_alloc_1           0x08000221   Thumb Code     0  libshutdown2.o(.ARM.Collect$$libshutdown$$0000000E)
    __rt_entry                               0x08000223   Thumb Code     0  __rtentry.o(.ARM.Collect$$rtentry$$00000000)
    __rt_entry_presh_1                       0x08000223   Thumb Code     0  __rtentry2.o(.ARM.Collect$$rtentry$$00000002)
    __rt_entry_sh                            0x08000223   Thumb Code     0  __rtentry4.o(.ARM.Collect$$rtentry$$00000004)
    __rt_entry_li                            0x08000229   Thumb Code     0  __rtentry2.o(.ARM.Collect$$rtentry$$0000000A)
    __rt_entry_postsh_1                      0x08000229   Thumb Code     0  __rtentry2.o(.ARM.Collect$$rtentry$$00000009)
    __rt_entry_main                          0x0800022d   Thumb Code     0  __rtentry2.o(.ARM.Collect$$rtentry$$0000000D)
    __rt_entry_postli_1                      0x0800022d   Thumb Code     0  __rtentry2.o(.ARM.Collect$$rtentry$$0000000C)
    __rt_exit                                0x08000235   Thumb Code     0  rtexit.o(.ARM.Collect$$rtexit$$00000000)
    __rt_exit_ls                             0x08000237   Thumb Code     0  rtexit2.o(.ARM.Collect$$rtexit$$00000003)
    __rt_exit_prels_1                        0x08000237   Thumb Code     0  rtexit2.o(.ARM.Collect$$rtexit$$00000002)
    __rt_exit_exit                           0x0800023b   Thumb Code     0  rtexit2.o(.ARM.Collect$$rtexit$$00000004)
    Reset_Handler                            0x08000241   Thumb Code     8  startup_stm32f405xx.o(.text)
    CAN1_RX0_IRQHandler                      0x0800025b   Thumb Code     0  startup_stm32f405xx.o(.text)
    CAN1_RX1_IRQHandler                      0x0800025b   Thumb Code     0  startup_stm32f405xx.o(.text)
    CAN1_SCE_IRQHandler                      0x0800025b   Thumb Code     0  startup_stm32f405xx.o(.text)
    CAN1_TX_IRQHandler                       0x0800025b   Thumb Code     0  startup_stm32f405xx.o(.text)
    CAN2_RX0_IRQHandler                      0x0800025b   Thumb Code     0  startup_stm32f405xx.o(.text)
    CAN2_RX1_IRQHandler                      0x0800025b   Thumb Code     0  startup_stm32f405xx.o(.text)
    CAN2_SCE_IRQHandler                      0x0800025b   Thumb Code     0  startup_stm32f405xx.o(.text)
    CAN2_TX_IRQHandler                       0x0800025b   Thumb Code     0  startup_stm32f405xx.o(.text)
    DMA1_Stream0_IRQHandler                  0x0800025b   Thumb Code     0  startup_stm32f405xx.o(.text)
    DMA1_Stream1_IRQHandler                  0x0800025b   Thumb Code     0  startup_stm32f405xx.o(.text)
    DMA1_Stream2_IRQHandler                  0x0800025b   Thumb Code     0  startup_stm32f405xx.o(.text)
    DMA1_Stream3_IRQHandler                  0x0800025b   Thumb Code     0  startup_stm32f405xx.o(.text)
    DMA1_Stream4_IRQHandler                  0x0800025b   Thumb Code     0  startup_stm32f405xx.o(.text)
    DMA1_Stream5_IRQHandler                  0x0800025b   Thumb Code     0  startup_stm32f405xx.o(.text)
    DMA1_Stream6_IRQHandler                  0x0800025b   Thumb Code     0  startup_stm32f405xx.o(.text)
    DMA1_Stream7_IRQHandler                  0x0800025b   Thumb Code     0  startup_stm32f405xx.o(.text)
    DMA2_Stream1_IRQHandler                  0x0800025b   Thumb Code     0  startup_stm32f405xx.o(.text)
    DMA2_Stream2_IRQHandler                  0x0800025b   Thumb Code     0  startup_stm32f405xx.o(.text)
    DMA2_Stream3_IRQHandler                  0x0800025b   Thumb Code     0  startup_stm32f405xx.o(.text)
    DMA2_Stream4_IRQHandler                  0x0800025b   Thumb Code     0  startup_stm32f405xx.o(.text)
    DMA2_Stream5_IRQHandler                  0x0800025b   Thumb Code     0  startup_stm32f405xx.o(.text)
    DMA2_Stream6_IRQHandler                  0x0800025b   Thumb Code     0  startup_stm32f405xx.o(.text)
    DMA2_Stream7_IRQHandler                  0x0800025b   Thumb Code     0  startup_stm32f405xx.o(.text)
    EXTI0_IRQHandler                         0x0800025b   Thumb Code     0  startup_stm32f405xx.o(.text)
    EXTI15_10_IRQHandler                     0x0800025b   Thumb Code     0  startup_stm32f405xx.o(.text)
    EXTI1_IRQHandler                         0x0800025b   Thumb Code     0  startup_stm32f405xx.o(.text)
    EXTI2_IRQHandler                         0x0800025b   Thumb Code     0  startup_stm32f405xx.o(.text)
    EXTI3_IRQHandler                         0x0800025b   Thumb Code     0  startup_stm32f405xx.o(.text)
    EXTI4_IRQHandler                         0x0800025b   Thumb Code     0  startup_stm32f405xx.o(.text)
    EXTI9_5_IRQHandler                       0x0800025b   Thumb Code     0  startup_stm32f405xx.o(.text)
    FLASH_IRQHandler                         0x0800025b   Thumb Code     0  startup_stm32f405xx.o(.text)
    FMC_IRQHandler                           0x0800025b   Thumb Code     0  startup_stm32f405xx.o(.text)
    FPU_IRQHandler                           0x0800025b   Thumb Code     0  startup_stm32f405xx.o(.text)
    HASH_RNG_IRQHandler                      0x0800025b   Thumb Code     0  startup_stm32f405xx.o(.text)
    I2C1_ER_IRQHandler                       0x0800025b   Thumb Code     0  startup_stm32f405xx.o(.text)
    I2C1_EV_IRQHandler                       0x0800025b   Thumb Code     0  startup_stm32f405xx.o(.text)
    I2C2_ER_IRQHandler                       0x0800025b   Thumb Code     0  startup_stm32f405xx.o(.text)
    I2C2_EV_IRQHandler                       0x0800025b   Thumb Code     0  startup_stm32f405xx.o(.text)
    I2C3_ER_IRQHandler                       0x0800025b   Thumb Code     0  startup_stm32f405xx.o(.text)
    I2C3_EV_IRQHandler                       0x0800025b   Thumb Code     0  startup_stm32f405xx.o(.text)
    OTG_FS_IRQHandler                        0x0800025b   Thumb Code     0  startup_stm32f405xx.o(.text)
    OTG_FS_WKUP_IRQHandler                   0x0800025b   Thumb Code     0  startup_stm32f405xx.o(.text)
    OTG_HS_EP1_IN_IRQHandler                 0x0800025b   Thumb Code     0  startup_stm32f405xx.o(.text)
    OTG_HS_EP1_OUT_IRQHandler                0x0800025b   Thumb Code     0  startup_stm32f405xx.o(.text)
    OTG_HS_IRQHandler                        0x0800025b   Thumb Code     0  startup_stm32f405xx.o(.text)
    OTG_HS_WKUP_IRQHandler                   0x0800025b   Thumb Code     0  startup_stm32f405xx.o(.text)
    PVD_IRQHandler                           0x0800025b   Thumb Code     0  startup_stm32f405xx.o(.text)
    RCC_IRQHandler                           0x0800025b   Thumb Code     0  startup_stm32f405xx.o(.text)
    RTC_Alarm_IRQHandler                     0x0800025b   Thumb Code     0  startup_stm32f405xx.o(.text)
    RTC_WKUP_IRQHandler                      0x0800025b   Thumb Code     0  startup_stm32f405xx.o(.text)
    SDIO_IRQHandler                          0x0800025b   Thumb Code     0  startup_stm32f405xx.o(.text)
    SPI2_IRQHandler                          0x0800025b   Thumb Code     0  startup_stm32f405xx.o(.text)
    SPI3_IRQHandler                          0x0800025b   Thumb Code     0  startup_stm32f405xx.o(.text)
    TAMP_STAMP_IRQHandler                    0x0800025b   Thumb Code     0  startup_stm32f405xx.o(.text)
    TIM1_BRK_TIM9_IRQHandler                 0x0800025b   Thumb Code     0  startup_stm32f405xx.o(.text)
    TIM1_CC_IRQHandler                       0x0800025b   Thumb Code     0  startup_stm32f405xx.o(.text)
    TIM1_TRG_COM_TIM11_IRQHandler            0x0800025b   Thumb Code     0  startup_stm32f405xx.o(.text)
    TIM1_UP_TIM10_IRQHandler                 0x0800025b   Thumb Code     0  startup_stm32f405xx.o(.text)
    TIM2_IRQHandler                          0x0800025b   Thumb Code     0  startup_stm32f405xx.o(.text)
    TIM3_IRQHandler                          0x0800025b   Thumb Code     0  startup_stm32f405xx.o(.text)
    TIM4_IRQHandler                          0x0800025b   Thumb Code     0  startup_stm32f405xx.o(.text)
    TIM6_DAC_IRQHandler                      0x0800025b   Thumb Code     0  startup_stm32f405xx.o(.text)
    TIM7_IRQHandler                          0x0800025b   Thumb Code     0  startup_stm32f405xx.o(.text)
    TIM8_BRK_TIM12_IRQHandler                0x0800025b   Thumb Code     0  startup_stm32f405xx.o(.text)
    TIM8_CC_IRQHandler                       0x0800025b   Thumb Code     0  startup_stm32f405xx.o(.text)
    TIM8_TRG_COM_TIM14_IRQHandler            0x0800025b   Thumb Code     0  startup_stm32f405xx.o(.text)
    TIM8_UP_TIM13_IRQHandler                 0x0800025b   Thumb Code     0  startup_stm32f405xx.o(.text)
    UART4_IRQHandler                         0x0800025b   Thumb Code     0  startup_stm32f405xx.o(.text)
    UART5_IRQHandler                         0x0800025b   Thumb Code     0  startup_stm32f405xx.o(.text)
    USART1_IRQHandler                        0x0800025b   Thumb Code     0  startup_stm32f405xx.o(.text)
    USART2_IRQHandler                        0x0800025b   Thumb Code     0  startup_stm32f405xx.o(.text)
    USART3_IRQHandler                        0x0800025b   Thumb Code     0  startup_stm32f405xx.o(.text)
    USART6_IRQHandler                        0x0800025b   Thumb Code     0  startup_stm32f405xx.o(.text)
    WWDG_IRQHandler                          0x0800025b   Thumb Code     0  startup_stm32f405xx.o(.text)
    __user_initial_stackheap                 0x0800025d   Thumb Code     0  startup_stm32f405xx.o(.text)
    arm_cos_f32                              0x08000281   Thumb Code   108  arm_cos_f32.o(.text)
    arm_sin_f32                              0x080002f9   Thumb Code   130  arm_sin_f32.o(.text)
    __use_no_semihosting                     0x0800038d   Thumb Code     2  use_no_semi_2.o(.text)
    __aeabi_uldivmod                         0x0800038f   Thumb Code     0  lludivv7m.o(.text)
    _ll_udiv                                 0x0800038f   Thumb Code   238  lludivv7m.o(.text)
    __2printf                                0x0800047d   Thumb Code    20  noretval__2printf.o(.text)
    __printf                                 0x08000495   Thumb Code   270  __printf_wp.o(.text)
    __aeabi_memclr4                          0x080005a3   Thumb Code     0  rt_memclr_w.o(.text)
    __aeabi_memclr8                          0x080005a3   Thumb Code     0  rt_memclr_w.o(.text)
    __rt_memclr_w                            0x080005a3   Thumb Code    78  rt_memclr_w.o(.text)
    _memset_w                                0x080005a7   Thumb Code     0  rt_memclr_w.o(.text)
    __use_two_region_memory                  0x080005f1   Thumb Code     2  heapauxi.o(.text)
    __rt_heap_escrow$2region                 0x080005f3   Thumb Code     2  heapauxi.o(.text)
    __rt_heap_expand$2region                 0x080005f5   Thumb Code     2  heapauxi.o(.text)
    __I$use$semihosting                      0x080005f7   Thumb Code     0  use_no_semi.o(.text)
    __use_no_semihosting_swi                 0x080005f7   Thumb Code     2  use_no_semi.o(.text)
    __lib_sel_fp_printf                      0x080005f9   Thumb Code     2  _printf_fp_dec.o(.text)
    _printf_fp_dec_real                      0x080007ab   Thumb Code   620  _printf_fp_dec.o(.text)
    _printf_char_file                        0x08000a19   Thumb Code    32  _printf_char_file.o(.text)
    __rt_locale                              0x08000a3d   Thumb Code     8  rt_locale_intlibspace.o(.text)
    _ll_udiv10                               0x08000a45   Thumb Code   138  lludiv10.o(.text)
    _fp_trap                                 0x08000ad1   Thumb Code    44  _fptrap.o(.text)
    _printf_char_common                      0x08000b0b   Thumb Code    32  _printf_char_common.o(.text)
    _printf_fp_infnan                        0x08000b31   Thumb Code   112  _printf_fp_infnan.o(.text)
    _btod_etento                             0x08000bb1   Thumb Code   224  bigflt0.o(.text)
    ferror                                   0x08000c95   Thumb Code     8  ferror.o(.text)
    __user_libspace                          0x08000c9d   Thumb Code     8  libspace.o(.text)
    __user_perproc_libspace                  0x08000c9d   Thumb Code     0  libspace.o(.text)
    __user_perthread_libspace                0x08000c9d   Thumb Code     0  libspace.o(.text)
    __user_setup_stackheap                   0x08000ca5   Thumb Code    74  sys_stackheap_outer.o(.text)
    exit                                     0x08000cef   Thumb Code    18  exit.o(.text)
    __rt_SIGFPE                              0x08000d01   Thumb Code    14  defsig_fpe_outer.o(.text)
    strcmp                                   0x08000d11   Thumb Code   128  strcmpv7m.o(.text)
    __sig_exit                               0x08000d91   Thumb Code    10  defsig_exit.o(.text)
    __rt_SIGFPE_inner                        0x08000d9d   Thumb Code    62  defsig_fpe_inner.o(.text)
    __default_signal_display                 0x08000e49   Thumb Code    50  defsig_general.o(.text)
    _btod_d2e                                0x08000e7b   Thumb Code    62  btod.o(CL$$btod_d2e)
    _d2e_denorm_low                          0x08000eb9   Thumb Code    70  btod.o(CL$$btod_d2e_denorm_low)
    _d2e_norm_op1                            0x08000eff   Thumb Code    96  btod.o(CL$$btod_d2e_norm_op1)
    __btod_div_common                        0x08000f5f   Thumb Code   696  btod.o(CL$$btod_div_common)
    _e2e                                     0x08001297   Thumb Code   220  btod.o(CL$$btod_e2e)
    _btod_ediv                               0x08001373   Thumb Code    42  btod.o(CL$$btod_ediv)
    _btod_emul                               0x0800139d   Thumb Code    42  btod.o(CL$$btod_emul)
    __btod_mult_common                       0x080013c7   Thumb Code   580  btod.o(CL$$btod_mult_common)
    ADC_IRQHandler                           0x0800160d   Thumb Code    10  stm32f4xx_it.o(i.ADC_IRQHandler)
    Angle_To_Cos_Sin                         0x0800177d   Thumb Code    42  motor.o(i.Angle_To_Cos_Sin)
    BusFault_Handler                         0x080017a7   Thumb Code     4  stm32f4xx_it.o(i.BusFault_Handler)
    Clarke_Transf                            0x080017ad   Thumb Code    94  motor.o(i.Clarke_Transf)
    Current_PID_Calc                         0x08001811   Thumb Code   122  motor.o(i.Current_PID_Calc)
    DMA2_Stream0_IRQHandler                  0x08001891   Thumb Code    10  stm32f4xx_it.o(i.DMA2_Stream0_IRQHandler)
    DebugMon_Handler                         0x0800197f   Thumb Code     2  stm32f4xx_it.o(i.DebugMon_Handler)
    ENC_Get_Electrical_Angle                 0x08001981   Thumb Code    84  motor.o(i.ENC_Get_Electrical_Angle)
    Error_Handler                            0x080019dd   Thumb Code     6  main.o(i.Error_Handler)
    GetMotorPreSpeed                         0x080019e5   Thumb Code   322  motor.o(i.GetMotorPreSpeed)
    HAL_ADCEx_InjectedConfigChannel          0x08001b65   Thumb Code   540  stm32f4xx_hal_adc_ex.o(i.HAL_ADCEx_InjectedConfigChannel)
    HAL_ADCEx_InjectedConvCpltCallback       0x08001d8d   Thumb Code    18  motor.o(i.HAL_ADCEx_InjectedConvCpltCallback)
    HAL_ADCEx_InjectedGetValue               0x08001da5   Thumb Code    70  stm32f4xx_hal_adc_ex.o(i.HAL_ADCEx_InjectedGetValue)
    HAL_ADCEx_InjectedStart                  0x08001ded   Thumb Code   270  stm32f4xx_hal_adc_ex.o(i.HAL_ADCEx_InjectedStart)
    HAL_ADCEx_InjectedStart_IT               0x08001f0d   Thumb Code   282  stm32f4xx_hal_adc_ex.o(i.HAL_ADCEx_InjectedStart_IT)
    HAL_ADCEx_InjectedStop_IT                0x08002039   Thumb Code   116  stm32f4xx_hal_adc_ex.o(i.HAL_ADCEx_InjectedStop_IT)
    HAL_ADC_ConfigChannel                    0x080020ad   Thumb Code   380  stm32f4xx_hal_adc.o(i.HAL_ADC_ConfigChannel)
    HAL_ADC_ConvCpltCallback                 0x08002239   Thumb Code     2  stm32f4xx_hal_adc.o(i.HAL_ADC_ConvCpltCallback)
    HAL_ADC_ErrorCallback                    0x0800223b   Thumb Code     2  stm32f4xx_hal_adc.o(i.HAL_ADC_ErrorCallback)
    HAL_ADC_GetValue                         0x0800223d   Thumb Code     8  stm32f4xx_hal_adc.o(i.HAL_ADC_GetValue)
    HAL_ADC_IRQHandler                       0x08002245   Thumb Code   354  stm32f4xx_hal_adc.o(i.HAL_ADC_IRQHandler)
    HAL_ADC_Init                             0x080023a9   Thumb Code   100  stm32f4xx_hal_adc.o(i.HAL_ADC_Init)
    HAL_ADC_LevelOutOfWindowCallback         0x08002411   Thumb Code     2  stm32f4xx_hal_adc.o(i.HAL_ADC_LevelOutOfWindowCallback)
    HAL_ADC_MspInit                          0x08002415   Thumb Code   244  adc.o(i.HAL_ADC_MspInit)
    HAL_ADC_PollForConversion                0x08002521   Thumb Code   206  stm32f4xx_hal_adc.o(i.HAL_ADC_PollForConversion)
    HAL_ADC_Start                            0x080025f1   Thumb Code   308  stm32f4xx_hal_adc.o(i.HAL_ADC_Start)
    HAL_DMA_Abort_IT                         0x0800273d   Thumb Code    40  stm32f4xx_hal_dma.o(i.HAL_DMA_Abort_IT)
    HAL_DMA_IRQHandler                       0x08002765   Thumb Code   570  stm32f4xx_hal_dma.o(i.HAL_DMA_IRQHandler)
    HAL_DMA_Init                             0x080029a5   Thumb Code   232  stm32f4xx_hal_dma.o(i.HAL_DMA_Init)
    HAL_Delay                                0x08002a91   Thumb Code    36  stm32f4xx_hal.o(i.HAL_Delay)
    HAL_GPIO_Init                            0x08002ab9   Thumb Code   454  stm32f4xx_hal_gpio.o(i.HAL_GPIO_Init)
    HAL_GPIO_TogglePin                       0x08002cad   Thumb Code    20  stm32f4xx_hal_gpio.o(i.HAL_GPIO_TogglePin)
    HAL_GPIO_WritePin                        0x08002cc1   Thumb Code    12  stm32f4xx_hal_gpio.o(i.HAL_GPIO_WritePin)
    HAL_GetTick                              0x08002ccd   Thumb Code     6  stm32f4xx_hal.o(i.HAL_GetTick)
    HAL_IncTick                              0x08002cd9   Thumb Code    16  stm32f4xx_hal.o(i.HAL_IncTick)
    HAL_Init                                 0x08002cf1   Thumb Code    54  stm32f4xx_hal.o(i.HAL_Init)
    HAL_InitTick                             0x08002d2d   Thumb Code    64  stm32f4xx_hal.o(i.HAL_InitTick)
    HAL_MspInit                              0x08002d79   Thumb Code    68  stm32f4xx_hal_msp.o(i.HAL_MspInit)
    HAL_NVIC_EnableIRQ                       0x08002dc1   Thumb Code    32  stm32f4xx_hal_cortex.o(i.HAL_NVIC_EnableIRQ)
    HAL_NVIC_SetPriority                     0x08002de1   Thumb Code   124  stm32f4xx_hal_cortex.o(i.HAL_NVIC_SetPriority)
    HAL_NVIC_SetPriorityGrouping             0x08002e5d   Thumb Code    32  stm32f4xx_hal_cortex.o(i.HAL_NVIC_SetPriorityGrouping)
    HAL_RCC_ClockConfig                      0x08002e85   Thumb Code   368  stm32f4xx_hal_rcc.o(i.HAL_RCC_ClockConfig)
    HAL_RCC_GetHCLKFreq                      0x08003009   Thumb Code     6  stm32f4xx_hal_rcc.o(i.HAL_RCC_GetHCLKFreq)
    HAL_RCC_GetPCLK1Freq                     0x08003015   Thumb Code    22  stm32f4xx_hal_rcc.o(i.HAL_RCC_GetPCLK1Freq)
    HAL_RCC_GetPCLK2Freq                     0x08003035   Thumb Code    22  stm32f4xx_hal_rcc.o(i.HAL_RCC_GetPCLK2Freq)
    HAL_RCC_GetSysClockFreq                  0x08003055   Thumb Code   162  stm32f4xx_hal_rcc.o(i.HAL_RCC_GetSysClockFreq)
    HAL_RCC_OscConfig                        0x08003105   Thumb Code  1176  stm32f4xx_hal_rcc.o(i.HAL_RCC_OscConfig)
    HAL_SPI_ErrorCallback                    0x080035a5   Thumb Code     2  stm32f4xx_hal_spi.o(i.HAL_SPI_ErrorCallback)
    HAL_SPI_IRQHandler                       0x080035a9   Thumb Code   342  stm32f4xx_hal_spi.o(i.HAL_SPI_IRQHandler)
    HAL_SPI_Init                             0x08003705   Thumb Code   200  stm32f4xx_hal_spi.o(i.HAL_SPI_Init)
    HAL_SPI_MspInit                          0x080037cd   Thumb Code   250  spi.o(i.HAL_SPI_MspInit)
    HAL_SPI_Transmit                         0x080038dd   Thumb Code   430  stm32f4xx_hal_spi.o(i.HAL_SPI_Transmit)
    HAL_SPI_TransmitReceive                  0x08003a8b   Thumb Code   554  stm32f4xx_hal_spi.o(i.HAL_SPI_TransmitReceive)
    HAL_SYSTICK_Callback                     0x08003cb5   Thumb Code   212  motor.o(i.HAL_SYSTICK_Callback)
    HAL_SYSTICK_Config                       0x08003dc5   Thumb Code    52  stm32f4xx_hal_cortex.o(i.HAL_SYSTICK_Config)
    HAL_SYSTICK_IRQHandler                   0x08003df9   Thumb Code     8  stm32f4xx_hal_cortex.o(i.HAL_SYSTICK_IRQHandler)
    HAL_TIMEx_BreakCallback                  0x08003e01   Thumb Code     2  stm32f4xx_hal_tim_ex.o(i.HAL_TIMEx_BreakCallback)
    HAL_TIMEx_CommutCallback                 0x08003e03   Thumb Code     2  stm32f4xx_hal_tim_ex.o(i.HAL_TIMEx_CommutCallback)
    HAL_TIMEx_ConfigBreakDeadTime            0x08003e05   Thumb Code   116  stm32f4xx_hal_tim_ex.o(i.HAL_TIMEx_ConfigBreakDeadTime)
    HAL_TIMEx_MasterConfigSynchronization    0x08003e79   Thumb Code   150  stm32f4xx_hal_tim_ex.o(i.HAL_TIMEx_MasterConfigSynchronization)
    HAL_TIMEx_PWMN_Start                     0x08003f2d   Thumb Code   214  stm32f4xx_hal_tim_ex.o(i.HAL_TIMEx_PWMN_Start)
    HAL_TIMEx_PWMN_Stop                      0x08004021   Thumb Code   136  stm32f4xx_hal_tim_ex.o(i.HAL_TIMEx_PWMN_Stop)
    HAL_TIM_Base_Init                        0x080040a9   Thumb Code   102  stm32f4xx_hal_tim.o(i.HAL_TIM_Base_Init)
    HAL_TIM_Base_MspInit                     0x08004111   Thumb Code   106  tim.o(i.HAL_TIM_Base_MspInit)
    HAL_TIM_Base_Start_IT                    0x08004189   Thumb Code   138  stm32f4xx_hal_tim.o(i.HAL_TIM_Base_Start_IT)
    HAL_TIM_ConfigClockSource                0x08004231   Thumb Code   268  stm32f4xx_hal_tim.o(i.HAL_TIM_ConfigClockSource)
    HAL_TIM_IC_CaptureCallback               0x0800433d   Thumb Code     2  stm32f4xx_hal_tim.o(i.HAL_TIM_IC_CaptureCallback)
    HAL_TIM_IRQHandler                       0x0800433f   Thumb Code   406  stm32f4xx_hal_tim.o(i.HAL_TIM_IRQHandler)
    HAL_TIM_MspPostInit                      0x080044d5   Thumb Code   144  tim.o(i.HAL_TIM_MspPostInit)
    HAL_TIM_OC_DelayElapsedCallback          0x08004575   Thumb Code     2  stm32f4xx_hal_tim.o(i.HAL_TIM_OC_DelayElapsedCallback)
    HAL_TIM_PWM_ConfigChannel                0x08004577   Thumb Code   260  stm32f4xx_hal_tim.o(i.HAL_TIM_PWM_ConfigChannel)
    HAL_TIM_PWM_Init                         0x0800467b   Thumb Code   102  stm32f4xx_hal_tim.o(i.HAL_TIM_PWM_Init)
    HAL_TIM_PWM_MspInit                      0x080046e1   Thumb Code     2  stm32f4xx_hal_tim.o(i.HAL_TIM_PWM_MspInit)
    HAL_TIM_PWM_PulseFinishedCallback        0x080046e3   Thumb Code     2  stm32f4xx_hal_tim.o(i.HAL_TIM_PWM_PulseFinishedCallback)
    HAL_TIM_PWM_Start                        0x080046e5   Thumb Code   238  stm32f4xx_hal_tim.o(i.HAL_TIM_PWM_Start)
    HAL_TIM_PWM_Stop                         0x080047f1   Thumb Code   160  stm32f4xx_hal_tim.o(i.HAL_TIM_PWM_Stop)
    HAL_TIM_PeriodElapsedCallback            0x08004899   Thumb Code    52  user_fcn.o(i.HAL_TIM_PeriodElapsedCallback)
    HAL_TIM_TriggerCallback                  0x080048e5   Thumb Code     2  stm32f4xx_hal_tim.o(i.HAL_TIM_TriggerCallback)
    HAL_UART_Init                            0x080048e7   Thumb Code   114  stm32f4xx_hal_uart.o(i.HAL_UART_Init)
    HAL_UART_MspInit                         0x08004959   Thumb Code   122  usart.o(i.HAL_UART_MspInit)
    HAL_UART_Receive                         0x080049e1   Thumb Code   220  stm32f4xx_hal_uart.o(i.HAL_UART_Receive)
    HardFault_Handler                        0x08004abd   Thumb Code     4  stm32f4xx_it.o(i.HardFault_Handler)
    LCD_Address_Set                          0x08004ac1   Thumb Code    70  lcd_init.o(i.LCD_Address_Set)
    LCD_DrawPoint                            0x08004b07   Thumb Code    32  lcd.o(i.LCD_DrawPoint)
    LCD_Fill                                 0x08004b27   Thumb Code    74  lcd.o(i.LCD_Fill)
    LCD_Init                                 0x08004b71   Thumb Code   588  lcd_init.o(i.LCD_Init)
    LCD_ShowChar                             0x08004dc1   Thumb Code   320  lcd.o(i.LCD_ShowChar)
    LCD_ShowFloatNum1                        0x08004f11   Thumb Code   174  lcd.o(i.LCD_ShowFloatNum1)
    LCD_ShowString                           0x08004fc5   Thumb Code    66  lcd.o(i.LCD_ShowString)
    LCD_WR_DATA                              0x08005007   Thumb Code    18  lcd_init.o(i.LCD_WR_DATA)
    LCD_WR_DATA8                             0x08005019   Thumb Code    12  lcd_init.o(i.LCD_WR_DATA8)
    LCD_WR_REG                               0x08005025   Thumb Code    34  lcd_init.o(i.LCD_WR_REG)
    LCD_Writ_Bus                             0x0800504d   Thumb Code    44  lcd_init.o(i.LCD_Writ_Bus)
    LED_DIR                                  0x08005081   Thumb Code    54  motor.o(i.LED_DIR)
    MX_ADC1_Init                             0x080050c1   Thumb Code   494  adc.o(i.MX_ADC1_Init)
    MX_DMA_Init                              0x080052cd   Thumb Code    52  dma.o(i.MX_DMA_Init)
    MX_GPIO_Init                             0x08005305   Thumb Code   338  gpio.o(i.MX_GPIO_Init)
    MX_SPI1_Init                             0x0800546d   Thumb Code    66  spi.o(i.MX_SPI1_Init)
    MX_SPI3_Init                             0x080054b9   Thumb Code    64  spi.o(i.MX_SPI3_Init)
    MX_TIM1_Init                             0x08005501   Thumb Code   282  tim.o(i.MX_TIM1_Init)
    MX_TIM5_Init                             0x08005625   Thumb Code   100  tim.o(i.MX_TIM5_Init)
    MX_USART1_UART_Init                      0x08005691   Thumb Code    46  usart.o(i.MX_USART1_UART_Init)
    MemManage_Handler                        0x080056c9   Thumb Code     4  stm32f4xx_it.o(i.MemManage_Handler)
    NMI_Handler                              0x080056cd   Thumb Code     4  stm32f4xx_it.o(i.NMI_Handler)
    PID_Init                                 0x080056d1   Thumb Code   274  motor.o(i.PID_Init)
    Park_Transf                              0x08005849   Thumb Code    70  motor.o(i.Park_Transf)
    PendSV_Handler                           0x0800588f   Thumb Code     2  stm32f4xx_it.o(i.PendSV_Handler)
    Posi_Pid_Calc                            0x08005891   Thumb Code   122  motor.o(i.Posi_Pid_Calc)
    Rev_Park_Transf                          0x0800590b   Thumb Code    66  motor.o(i.Rev_Park_Transf)
    SPI1_IRQHandler                          0x0800594d   Thumb Code    10  stm32f4xx_it.o(i.SPI1_IRQHandler)
    SPI_AS5048A_ReadData                     0x0800595d   Thumb Code    88  sensor_spi.o(i.SPI_AS5048A_ReadData)
    SVC_Handler                              0x08005b15   Thumb Code     2  stm32f4xx_it.o(i.SVC_Handler)
    SVPWM_Calc                               0x08005b19   Thumb Code  1626  motor.o(i.SVPWM_Calc)
    Speed_Pid_Calc                           0x08006181   Thumb Code   126  motor.o(i.Speed_Pid_Calc)
    Start_Up                                 0x08006205   Thumb Code   186  motor.o(i.Start_Up)
    SysTick_Handler                          0x080062dd   Thumb Code    12  stm32f4xx_it.o(i.SysTick_Handler)
    SystemClock_Config                       0x080062e9   Thumb Code   170  main.o(i.SystemClock_Config)
    SystemInit                               0x0800639d   Thumb Code    14  system_stm32f4xx.o(i.SystemInit)
    TIM5_IRQHandler                          0x080063b1   Thumb Code    10  stm32f4xx_it.o(i.TIM5_IRQHandler)
    TIM_Base_SetConfig                       0x080063c1   Thumb Code   170  stm32f4xx_hal_tim.o(i.TIM_Base_SetConfig)
    TIM_CCxChannelCmd                        0x08006499   Thumb Code    34  stm32f4xx_hal_tim.o(i.TIM_CCxChannelCmd)
    TIM_ETR_SetConfig                        0x080064dd   Thumb Code    22  stm32f4xx_hal_tim.o(i.TIM_ETR_SetConfig)
    TIM_OC2_SetConfig                        0x08006575   Thumb Code   114  stm32f4xx_hal_tim.o(i.TIM_OC2_SetConfig)
    UsageFault_Handler                       0x080069cb   Thumb Code     4  stm32f4xx_it.o(i.UsageFault_Handler)
    __ARM_fpclassify                         0x080069cf   Thumb Code    48  fpclassify.o(i.__ARM_fpclassify)
    _is_digit                                0x08006a39   Thumb Code    14  __printf_wp.o(i._is_digit)
    _sys_exit                                0x08006a47   Thumb Code     4  usart.o(i._sys_exit)
    _ttywrch                                 0x08006a4b   Thumb Code     6  usart.o(i._ttywrch)
    board_config                             0x08006a51   Thumb Code   110  motor.o(i.board_config)
    control_cmd                              0x08006acd   Thumb Code    74  user_fcn.o(i.control_cmd)
    dis_info_core                            0x08006b31   Thumb Code   310  user_fcn.o(i.dis_info_core)
    foc_algorithm_step                       0x08006cb1   Thumb Code   220  motor.o(i.foc_algorithm_step)
    fputc                                    0x08006dc1   Thumb Code    28  usart.o(i.fputc)
    get_DC_BUS                               0x08006de1   Thumb Code   138  motor.o(i.get_DC_BUS)
    get_Iab                                  0x08006e91   Thumb Code   144  motor.o(i.get_Iab)
    get_angle                                0x08006f35   Thumb Code    48  motor.o(i.get_angle)
    get_angle_X                              0x08006f6d   Thumb Code    66  motor.o(i.get_angle_X)
    gui_init                                 0x08006fbd   Thumb Code    22  user_fcn.o(i.gui_init)
    main                                     0x08006fd3   Thumb Code    56  main.o(i.main)
    mypow                                    0x0800700b   Thumb Code    22  lcd.o(i.mypow)
    ref_Core                                 0x08007021   Thumb Code   484  ref_signal_in.o(i.ref_Core)
    shut_pwm                                 0x08007245   Thumb Code    52  motor.o(i.shut_pwm)
    _get_lc_numeric                          0x0800727d   Thumb Code    44  lc_numeric_c.o(locale$$code)
    __aeabi_d2f                              0x080072a9   Thumb Code     0  d2f_clz.o(x$fpl$d2f)
    _d2f                                     0x080072a9   Thumb Code   700  d2f_clz.o(x$fpl$d2f)
    __aeabi_dadd                             0x0800756d   Thumb Code     0  daddsub_clz.o(x$fpl$dadd)
    _dadd                                    0x0800756d   Thumb Code   580  daddsub_clz.o(x$fpl$dadd)
    __fpl_dcmp_Inf                           0x080077b9   Thumb Code    24  dcmpi.o(x$fpl$dcmpinf)
    __aeabi_ddiv                             0x080077d1   Thumb Code     0  ddiv_clz.o(x$fpl$ddiv)
    _ddiv                                    0x080077d1   Thumb Code   748  ddiv_clz.o(x$fpl$ddiv)
    __aeabi_i2d                              0x08007b4d   Thumb Code     0  dflt_clz.o(x$fpl$dflt)
    _dflt                                    0x08007b4d   Thumb Code    46  dflt_clz.o(x$fpl$dflt)
    __dflt_normalise                         0x08007b7b   Thumb Code    26  dflt_clz.o(x$fpl$dfltn)
    __aeabi_cdcmple                          0x08007b95   Thumb Code     0  dleqf.o(x$fpl$dleqf)
    _dcmple                                  0x08007b95   Thumb Code   120  dleqf.o(x$fpl$dleqf)
    __fpl_dcmple_InfNaN                      0x08007bed   Thumb Code     0  dleqf.o(x$fpl$dleqf)
    __aeabi_dmul                             0x08007c0d   Thumb Code     0  dmul_clz.o(x$fpl$dmul)
    _dmul                                    0x08007c0d   Thumb Code   440  dmul_clz.o(x$fpl$dmul)
    __fpl_dnaninf                            0x08007dcd   Thumb Code   258  dnaninf.o(x$fpl$dnaninf)
    __fpl_drenorm2                           0x08007ecf   Thumb Code   106  drenorm_clz.o(x$fpl$drenorm)
    __fpl_drenorm1                           0x08007f39   Thumb Code     6  drenorm_clz.o(x$fpl$drenorm)
    __fpl_dretinf                            0x08007f3f   Thumb Code    12  dretinf.o(x$fpl$dretinf)
    __aeabi_cdrcmple                         0x08007f4b   Thumb Code     0  drleqf.o(x$fpl$drleqf)
    _drcmple                                 0x08007f4b   Thumb Code    98  drleqf.o(x$fpl$drleqf)
    __aeabi_dsub                             0x08007fad   Thumb Code     0  daddsub_clz.o(x$fpl$dsub)
    _dsub                                    0x08007fad   Thumb Code   664  daddsub_clz.o(x$fpl$dsub)
    __dunder                                 0x08008249   Thumb Code   314  dunder_clz.o(x$fpl$dunder)
    __dunder_d                               0x08008383   Thumb Code    64  dunder_clz.o(x$fpl$dunder)
    __fpl_exception                          0x080083c5   Thumb Code   454  except.o(x$fpl$exception)
    __aeabi_f2d                              0x080085b1   Thumb Code     0  f2d.o(x$fpl$f2d)
    _f2d                                     0x080085b1   Thumb Code   122  f2d.o(x$fpl$f2d)
    __fpl_fnaninf                            0x0800862b   Thumb Code   242  fnaninf.o(x$fpl$fnaninf)
    _fp_init                                 0x0800871d   Thumb Code    10  fpinit.o(x$fpl$fpinit)
    __fplib_config_fpu_vfp                   0x08008725   Thumb Code     0  fpinit.o(x$fpl$fpinit)
    __fplib_config_pureend_doubles           0x08008725   Thumb Code     0  fpinit.o(x$fpl$fpinit)
    __fpl_fretinf                            0x08008727   Thumb Code    10  fretinf.o(x$fpl$fretinf)
    __funder                                 0x08008731   Thumb Code   254  funder_clz.o(x$fpl$funder)
    __funder_d                               0x0800882f   Thumb Code    62  funder_clz.o(x$fpl$funder)
    __ieee_status                            0x0800886d   Thumb Code    28  istatus.o(x$fpl$ieeestatus)
    _printf_fp_dec                           0x0800888d   Thumb Code     4  printf1.o(x$fpl$printf1)
    __fpl_return_NaN                         0x08008891   Thumb Code   178  retnan.o(x$fpl$retnan)
    _fp_trapveneer                           0x08008943   Thumb Code    36  trapv.o(x$fpl$trapveneer)
    __fpl_cmpreturn                          0x08008967   Thumb Code    90  trapv.o(x$fpl$trapveneer)
    __I$use$fp                               0x080089c0   Number         0  usenofp.o(x$fpl$usenofp)
    AHBPrescTable                            0x080089c8   Data          16  system_stm32f4xx.o(.constdata)
    APBPrescTable                            0x080089d8   Data           8  system_stm32f4xx.o(.constdata)
    ascii_1206                               0x080089e0   Data        1140  lcd.o(.constdata)
    ascii_1608                               0x08008e54   Data        1520  lcd.o(.constdata)
    ascii_2412                               0x08009444   Data        4560  lcd.o(.constdata)
    ascii_3216                               0x0800a614   Data        6080  lcd.o(.constdata)
    tfont12                                  0x0800bdd4   Data           0  lcd.o(.constdata)
    tfont16                                  0x0800bdd5   Data           0  lcd.o(.constdata)
    tfont24                                  0x0800bdd6   Data           0  lcd.o(.constdata)
    tfont32                                  0x0800bdd7   Data           0  lcd.o(.constdata)
    sinTable_f32                             0x0800bdd8   Data        2052  arm_common_tables.o(.constdata)
    Region$$Table$$Base                      0x0800c670   Number         0  anon$$obj.o(Region$$Table)
    Region$$Table$$Limit                     0x0800c690   Number         0  anon$$obj.o(Region$$Table)
    __stdout                                 0x20000004   Data           4  usart.o(.data)
    ID_REF                                   0x20000008   Data           4  motor.o(.data)
    IQ_REF                                   0x2000000c   Data           4  motor.o(.data)
    D_PI_I                                   0x20000010   Data           4  motor.o(.data)
    D_PI_KB                                  0x20000014   Data           4  motor.o(.data)
    D_PI_LOW_LIMIT                           0x20000018   Data           4  motor.o(.data)
    D_PI_P                                   0x2000001c   Data           4  motor.o(.data)
    D_PI_UP_LIMIT                            0x20000020   Data           4  motor.o(.data)
    Q_PI_I                                   0x20000024   Data           4  motor.o(.data)
    Q_PI_KB                                  0x20000028   Data           4  motor.o(.data)
    Q_PI_LOW_LIMIT                           0x2000002c   Data           4  motor.o(.data)
    Q_PI_P                                   0x20000030   Data           4  motor.o(.data)
    Q_PI_UP_LIMIT                            0x20000034   Data           4  motor.o(.data)
    SPEED_PI_I                               0x20000038   Data           4  motor.o(.data)
    SPEED_PI_KB                              0x2000003c   Data           4  motor.o(.data)
    SPEED_PI_LOW_LIMIT                       0x20000040   Data           4  motor.o(.data)
    SPEED_PI_P                               0x20000044   Data           4  motor.o(.data)
    SPEED_PI_UP_LIMIT                        0x20000048   Data           4  motor.o(.data)
    POSI_PI_I                                0x2000004c   Data           4  motor.o(.data)
    POSI_PI_D                                0x20000050   Data           4  motor.o(.data)
    POSI_PI_LOW_LIMIT                        0x20000054   Data           4  motor.o(.data)
    POSI_PI_P                                0x20000058   Data           4  motor.o(.data)
    POSI_PI_UP_LIMIT                         0x2000005c   Data           4  motor.o(.data)
    hPhaseA_OffSet                           0x20000060   Data           4  motor.o(.data)
    hPhaseB_OffSet                           0x20000064   Data           4  motor.o(.data)
    hPhaseC_OffSet                           0x20000068   Data           4  motor.o(.data)
    sector                                   0x2000006c   Data           4  motor.o(.data)
    State                                    0x20000070   Data           1  motor.o(.data)
    Current_Ialpha_beta                      0x20000074   Data           8  motor.o(.data)
    Voltage_Alpha_Beta                       0x2000007c   Data           8  motor.o(.data)
    Transf_Cos_Sin                           0x20000084   Data           8  motor.o(.data)
    Current_Idq                              0x2000008c   Data           8  motor.o(.data)
    Voltage_DQ                               0x20000094   Data           8  motor.o(.data)
    PWM4Direction                            0x2000009c   Data           1  motor.o(.data)
    Speed_Ref                                0x200000a0   Data           4  motor.o(.data)
    Speed_Pid_Out                            0x200000a4   Data           4  motor.o(.data)
    Speed_Fdk                                0x200000a8   Data           4  motor.o(.data)
    Posi_Ref                                 0x200000ac   Data           4  motor.o(.data)
    Posi_Pid_Out                             0x200000b0   Data           4  motor.o(.data)
    Posi_Fdk                                 0x200000b4   Data           4  motor.o(.data)
    encoder_offset                           0x200000b8   Data           4  motor.o(.data)
    circle_num                               0x200000bc   Data           4  motor.o(.data)
    bPID_Speed_Sampling_Time_500us           0x200000c4   Data           1  motor.o(.data)
    cnt                                      0x200000c8   Data           4  motor.o(.data)
    ref_Signal_tim_500us                     0x200000cc   Data           1  motor.o(.data)
    velocity                                 0x200000d0   Data           4  motor.o(.data)
    current_angle                            0x200000e4   Data           4  motor.o(.data)
    angle_prev                               0x200000e8   Data           4  motor.o(.data)
    first_m                                  0x200000ec   Data           1  motor.o(.data)
    hPosi_ref                                0x200000f4   Data           4  ref_signal_in.o(.data)
    counter                                  0x200000f8   Data           4  ref_signal_in.o(.data)
    thr_test                                 0x200000fc   Data           4  ref_signal_in.o(.data)
    wr_test                                  0x20000100   Data           4  ref_signal_in.o(.data)
    ref_time                                 0x20000104   Data           4  ref_signal_in.o(.data)
    uwTick                                   0x20000108   Data           4  stm32f4xx_hal.o(.data)
    uwTickPrio                               0x2000010c   Data           4  stm32f4xx_hal.o(.data)
    uwTickFreq                               0x20000110   Data           1  stm32f4xx_hal.o(.data)
    SystemCoreClock                          0x20000114   Data           4  system_stm32f4xx.o(.data)
    hadc1                                    0x20000118   Data          72  adc.o(.bss)
    hdma_adc1                                0x20000160   Data          96  adc.o(.bss)
    hspi1                                    0x200001c0   Data          88  spi.o(.bss)
    hspi3                                    0x20000218   Data          88  spi.o(.bss)
    htim1                                    0x20000270   Data          72  tim.o(.bss)
    htim5                                    0x200002b8   Data          72  tim.o(.bss)
    huart1                                   0x20000300   Data          68  usart.o(.bss)
    Current_Iabc                             0x20000344   Data          12  motor.o(.bss)
    Current_D_PID                            0x20000350   Data          28  motor.o(.bss)
    Current_Q_PID                            0x2000036c   Data          28  motor.o(.bss)
    Speed_Pid                                0x20000388   Data          28  motor.o(.bss)
    Posi_Pid                                 0x200003a4   Data          28  motor.o(.bss)
    __libspace_start                         0x200003c0   Data          96  libspace.o(.bss)
    __temporary_stack_top$libspace           0x20000420   Data           0  libspace.o(.bss)



==============================================================================

Memory Map of the image

  Image Entry point : 0x08000189

  Load Region LR_IROM1 (Base: 0x08000000, Size: 0x0000c7c4, Max: 0x00100000, ABSOLUTE)

    Execution Region ER_IROM1 (Exec base: 0x08000000, Load base: 0x08000000, Size: 0x0000c6ac, Max: 0x00100000, ABSOLUTE)

    Exec Addr    Load Addr    Size         Type   Attr      Idx    E Section Name        Object

    0x08000000   0x08000000   0x00000188   Data   RO            3    RESET               startup_stm32f405xx.o
    0x08000188   0x08000188   0x00000008   Code   RO         5399  * !!!main             c_w.l(__main.o)
    0x08000190   0x08000190   0x00000034   Code   RO         5673    !!!scatter          c_w.l(__scatter.o)
    0x080001c4   0x080001c4   0x0000001a   Code   RO         5675    !!handler_copy      c_w.l(__scatter_copy.o)
    0x080001de   0x080001de   0x00000002   PAD
    0x080001e0   0x080001e0   0x0000001c   Code   RO         5677    !!handler_zi        c_w.l(__scatter_zi.o)
    0x080001fc   0x080001fc   0x00000000   Code   RO         5394    .ARM.Collect$$_printf_percent$$00000000  c_w.l(_printf_percent.o)
    0x080001fc   0x080001fc   0x00000006   Code   RO         5393    .ARM.Collect$$_printf_percent$$00000003  c_w.l(_printf_f.o)
    0x08000202   0x08000202   0x00000004   Code   RO         5440    .ARM.Collect$$_printf_percent$$00000017  c_w.l(_printf_percent_end.o)
    0x08000206   0x08000206   0x00000002   Code   RO         5550    .ARM.Collect$$libinit$$00000000  c_w.l(libinit.o)
    0x08000208   0x08000208   0x00000004   Code   RO         5551    .ARM.Collect$$libinit$$00000001  c_w.l(libinit2.o)
    0x0800020c   0x0800020c   0x00000000   Code   RO         5554    .ARM.Collect$$libinit$$00000004  c_w.l(libinit2.o)
    0x0800020c   0x0800020c   0x00000000   Code   RO         5557    .ARM.Collect$$libinit$$0000000A  c_w.l(libinit2.o)
    0x0800020c   0x0800020c   0x00000000   Code   RO         5559    .ARM.Collect$$libinit$$0000000C  c_w.l(libinit2.o)
    0x0800020c   0x0800020c   0x00000000   Code   RO         5561    .ARM.Collect$$libinit$$0000000E  c_w.l(libinit2.o)
    0x0800020c   0x0800020c   0x00000006   Code   RO         5562    .ARM.Collect$$libinit$$0000000F  c_w.l(libinit2.o)
    0x08000212   0x08000212   0x00000000   Code   RO         5564    .ARM.Collect$$libinit$$00000011  c_w.l(libinit2.o)
    0x08000212   0x08000212   0x00000000   Code   RO         5566    .ARM.Collect$$libinit$$00000013  c_w.l(libinit2.o)
    0x08000212   0x08000212   0x00000000   Code   RO         5568    .ARM.Collect$$libinit$$00000015  c_w.l(libinit2.o)
    0x08000212   0x08000212   0x0000000a   Code   RO         5569    .ARM.Collect$$libinit$$00000016  c_w.l(libinit2.o)
    0x0800021c   0x0800021c   0x00000000   Code   RO         5570    .ARM.Collect$$libinit$$00000017  c_w.l(libinit2.o)
    0x0800021c   0x0800021c   0x00000000   Code   RO         5572    .ARM.Collect$$libinit$$00000019  c_w.l(libinit2.o)
    0x0800021c   0x0800021c   0x00000000   Code   RO         5574    .ARM.Collect$$libinit$$0000001B  c_w.l(libinit2.o)
    0x0800021c   0x0800021c   0x00000000   Code   RO         5576    .ARM.Collect$$libinit$$0000001D  c_w.l(libinit2.o)
    0x0800021c   0x0800021c   0x00000000   Code   RO         5578    .ARM.Collect$$libinit$$0000001F  c_w.l(libinit2.o)
    0x0800021c   0x0800021c   0x00000000   Code   RO         5580    .ARM.Collect$$libinit$$00000021  c_w.l(libinit2.o)
    0x0800021c   0x0800021c   0x00000000   Code   RO         5582    .ARM.Collect$$libinit$$00000023  c_w.l(libinit2.o)
    0x0800021c   0x0800021c   0x00000000   Code   RO         5584    .ARM.Collect$$libinit$$00000025  c_w.l(libinit2.o)
    0x0800021c   0x0800021c   0x00000000   Code   RO         5588    .ARM.Collect$$libinit$$0000002C  c_w.l(libinit2.o)
    0x0800021c   0x0800021c   0x00000000   Code   RO         5590    .ARM.Collect$$libinit$$0000002E  c_w.l(libinit2.o)
    0x0800021c   0x0800021c   0x00000000   Code   RO         5592    .ARM.Collect$$libinit$$00000030  c_w.l(libinit2.o)
    0x0800021c   0x0800021c   0x00000000   Code   RO         5594    .ARM.Collect$$libinit$$00000032  c_w.l(libinit2.o)
    0x0800021c   0x0800021c   0x00000002   Code   RO         5595    .ARM.Collect$$libinit$$00000033  c_w.l(libinit2.o)
    0x0800021e   0x0800021e   0x00000002   Code   RO         5635    .ARM.Collect$$libshutdown$$00000000  c_w.l(libshutdown.o)
    0x08000220   0x08000220   0x00000000   Code   RO         5654    .ARM.Collect$$libshutdown$$00000002  c_w.l(libshutdown2.o)
    0x08000220   0x08000220   0x00000000   Code   RO         5656    .ARM.Collect$$libshutdown$$00000004  c_w.l(libshutdown2.o)
    0x08000220   0x08000220   0x00000000   Code   RO         5658    .ARM.Collect$$libshutdown$$00000006  c_w.l(libshutdown2.o)
    0x08000220   0x08000220   0x00000000   Code   RO         5661    .ARM.Collect$$libshutdown$$00000009  c_w.l(libshutdown2.o)
    0x08000220   0x08000220   0x00000000   Code   RO         5664    .ARM.Collect$$libshutdown$$0000000C  c_w.l(libshutdown2.o)
    0x08000220   0x08000220   0x00000000   Code   RO         5666    .ARM.Collect$$libshutdown$$0000000E  c_w.l(libshutdown2.o)
    0x08000220   0x08000220   0x00000000   Code   RO         5669    .ARM.Collect$$libshutdown$$00000011  c_w.l(libshutdown2.o)
    0x08000220   0x08000220   0x00000002   Code   RO         5670    .ARM.Collect$$libshutdown$$00000012  c_w.l(libshutdown2.o)
    0x08000222   0x08000222   0x00000000   Code   RO         5431    .ARM.Collect$$rtentry$$00000000  c_w.l(__rtentry.o)
    0x08000222   0x08000222   0x00000000   Code   RO         5463    .ARM.Collect$$rtentry$$00000002  c_w.l(__rtentry2.o)
    0x08000222   0x08000222   0x00000006   Code   RO         5475    .ARM.Collect$$rtentry$$00000004  c_w.l(__rtentry4.o)
    0x08000228   0x08000228   0x00000000   Code   RO         5465    .ARM.Collect$$rtentry$$00000009  c_w.l(__rtentry2.o)
    0x08000228   0x08000228   0x00000004   Code   RO         5466    .ARM.Collect$$rtentry$$0000000A  c_w.l(__rtentry2.o)
    0x0800022c   0x0800022c   0x00000000   Code   RO         5468    .ARM.Collect$$rtentry$$0000000C  c_w.l(__rtentry2.o)
    0x0800022c   0x0800022c   0x00000008   Code   RO         5469    .ARM.Collect$$rtentry$$0000000D  c_w.l(__rtentry2.o)
    0x08000234   0x08000234   0x00000002   Code   RO         5596    .ARM.Collect$$rtexit$$00000000  c_w.l(rtexit.o)
    0x08000236   0x08000236   0x00000000   Code   RO         5609    .ARM.Collect$$rtexit$$00000002  c_w.l(rtexit2.o)
    0x08000236   0x08000236   0x00000004   Code   RO         5610    .ARM.Collect$$rtexit$$00000003  c_w.l(rtexit2.o)
    0x0800023a   0x0800023a   0x00000006   Code   RO         5611    .ARM.Collect$$rtexit$$00000004  c_w.l(rtexit2.o)
    0x08000240   0x08000240   0x00000040   Code   RO            4    .text               startup_stm32f405xx.o
    0x08000280   0x08000280   0x00000078   Code   RO         5208    .text               arm_cortexM4lf_math.lib(arm_cos_f32.o)
    0x080002f8   0x080002f8   0x00000094   Code   RO         5258    .text               arm_cortexM4lf_math.lib(arm_sin_f32.o)
    0x0800038c   0x0800038c   0x00000002   Code   RO         5363    .text               c_w.l(use_no_semi_2.o)
    0x0800038e   0x0800038e   0x000000ee   Code   RO         5365    .text               c_w.l(lludivv7m.o)
    0x0800047c   0x0800047c   0x00000018   Code   RO         5369    .text               c_w.l(noretval__2printf.o)
    0x08000494   0x08000494   0x0000010e   Code   RO         5381    .text               c_w.l(__printf_wp.o)
    0x080005a2   0x080005a2   0x0000004e   Code   RO         5395    .text               c_w.l(rt_memclr_w.o)
    0x080005f0   0x080005f0   0x00000006   Code   RO         5397    .text               c_w.l(heapauxi.o)
    0x080005f6   0x080005f6   0x00000002   Code   RO         5429    .text               c_w.l(use_no_semi.o)
    0x080005f8   0x080005f8   0x0000041e   Code   RO         5436    .text               c_w.l(_printf_fp_dec.o)
    0x08000a16   0x08000a16   0x00000002   PAD
    0x08000a18   0x08000a18   0x00000024   Code   RO         5438    .text               c_w.l(_printf_char_file.o)
    0x08000a3c   0x08000a3c   0x00000008   Code   RO         5482    .text               c_w.l(rt_locale_intlibspace.o)
    0x08000a44   0x08000a44   0x0000008a   Code   RO         5484    .text               c_w.l(lludiv10.o)
    0x08000ace   0x08000ace   0x00000002   PAD
    0x08000ad0   0x08000ad0   0x00000030   Code   RO         5486    .text               c_w.l(_fptrap.o)
    0x08000b00   0x08000b00   0x00000030   Code   RO         5488    .text               c_w.l(_printf_char_common.o)
    0x08000b30   0x08000b30   0x00000080   Code   RO         5490    .text               c_w.l(_printf_fp_infnan.o)
    0x08000bb0   0x08000bb0   0x000000e4   Code   RO         5492    .text               c_w.l(bigflt0.o)
    0x08000c94   0x08000c94   0x00000008   Code   RO         5517    .text               c_w.l(ferror.o)
    0x08000c9c   0x08000c9c   0x00000008   Code   RO         5530    .text               c_w.l(libspace.o)
    0x08000ca4   0x08000ca4   0x0000004a   Code   RO         5533    .text               c_w.l(sys_stackheap_outer.o)
    0x08000cee   0x08000cee   0x00000012   Code   RO         5537    .text               c_w.l(exit.o)
    0x08000d00   0x08000d00   0x0000000e   Code   RO         5539    .text               c_w.l(defsig_fpe_outer.o)
    0x08000d0e   0x08000d0e   0x00000002   PAD
    0x08000d10   0x08000d10   0x00000080   Code   RO         5543    .text               c_w.l(strcmpv7m.o)
    0x08000d90   0x08000d90   0x0000000a   Code   RO         5600    .text               c_w.l(defsig_exit.o)
    0x08000d9a   0x08000d9a   0x00000002   PAD
    0x08000d9c   0x08000d9c   0x000000ac   Code   RO         5602    .text               c_w.l(defsig_fpe_inner.o)
    0x08000e48   0x08000e48   0x00000032   Code   RO         5617    .text               c_w.l(defsig_general.o)
    0x08000e7a   0x08000e7a   0x0000003e   Code   RO         5495    CL$$btod_d2e        c_w.l(btod.o)
    0x08000eb8   0x08000eb8   0x00000046   Code   RO         5497    CL$$btod_d2e_denorm_low  c_w.l(btod.o)
    0x08000efe   0x08000efe   0x00000060   Code   RO         5496    CL$$btod_d2e_norm_op1  c_w.l(btod.o)
    0x08000f5e   0x08000f5e   0x00000338   Code   RO         5505    CL$$btod_div_common  c_w.l(btod.o)
    0x08001296   0x08001296   0x000000dc   Code   RO         5502    CL$$btod_e2e        c_w.l(btod.o)
    0x08001372   0x08001372   0x0000002a   Code   RO         5499    CL$$btod_ediv       c_w.l(btod.o)
    0x0800139c   0x0800139c   0x0000002a   Code   RO         5498    CL$$btod_emul       c_w.l(btod.o)
    0x080013c6   0x080013c6   0x00000244   Code   RO         5504    CL$$btod_mult_common  c_w.l(btod.o)
    0x0800160a   0x0800160a   0x00000002   PAD
    0x0800160c   0x0800160c   0x00000010   Code   RO          563    i.ADC_IRQHandler    stm32f4xx_it.o
    0x0800161c   0x0800161c   0x00000160   Code   RO         1015    i.ADC_Init          stm32f4xx_hal_adc.o
    0x0800177c   0x0800177c   0x0000002a   Code   RO          687    i.Angle_To_Cos_Sin  motor.o
    0x080017a6   0x080017a6   0x00000004   Code   RO          564    i.BusFault_Handler  stm32f4xx_it.o
    0x080017aa   0x080017aa   0x00000002   PAD
    0x080017ac   0x080017ac   0x00000064   Code   RO          688    i.Clarke_Transf     motor.o
    0x08001810   0x08001810   0x00000080   Code   RO          689    i.Current_PID_Calc  motor.o
    0x08001890   0x08001890   0x00000010   Code   RO          565    i.DMA2_Stream0_IRQHandler  stm32f4xx_it.o
    0x080018a0   0x080018a0   0x00000034   Code   RO         1796    i.DMA_CalcBaseAndBitshift  stm32f4xx_hal_dma.o
    0x080018d4   0x080018d4   0x000000aa   Code   RO         1797    i.DMA_CheckFifoParam  stm32f4xx_hal_dma.o
    0x0800197e   0x0800197e   0x00000002   Code   RO          566    i.DebugMon_Handler  stm32f4xx_it.o
    0x08001980   0x08001980   0x0000005c   Code   RO          690    i.ENC_Get_Electrical_Angle  motor.o
    0x080019dc   0x080019dc   0x00000006   Code   RO           13    i.Error_Handler     main.o
    0x080019e2   0x080019e2   0x00000002   PAD
    0x080019e4   0x080019e4   0x00000180   Code   RO          691    i.GetMotorPreSpeed  motor.o
    0x08001b64   0x08001b64   0x00000228   Code   RO         1185    i.HAL_ADCEx_InjectedConfigChannel  stm32f4xx_hal_adc_ex.o
    0x08001d8c   0x08001d8c   0x00000018   Code   RO          693    i.HAL_ADCEx_InjectedConvCpltCallback  motor.o
    0x08001da4   0x08001da4   0x00000046   Code   RO         1187    i.HAL_ADCEx_InjectedGetValue  stm32f4xx_hal_adc_ex.o
    0x08001dea   0x08001dea   0x00000002   PAD
    0x08001dec   0x08001dec   0x00000120   Code   RO         1189    i.HAL_ADCEx_InjectedStart  stm32f4xx_hal_adc_ex.o
    0x08001f0c   0x08001f0c   0x0000012c   Code   RO         1190    i.HAL_ADCEx_InjectedStart_IT  stm32f4xx_hal_adc_ex.o
    0x08002038   0x08002038   0x00000074   Code   RO         1192    i.HAL_ADCEx_InjectedStop_IT  stm32f4xx_hal_adc_ex.o
    0x080020ac   0x080020ac   0x0000018c   Code   RO         1017    i.HAL_ADC_ConfigChannel  stm32f4xx_hal_adc.o
    0x08002238   0x08002238   0x00000002   Code   RO         1018    i.HAL_ADC_ConvCpltCallback  stm32f4xx_hal_adc.o
    0x0800223a   0x0800223a   0x00000002   Code   RO         1021    i.HAL_ADC_ErrorCallback  stm32f4xx_hal_adc.o
    0x0800223c   0x0800223c   0x00000008   Code   RO         1024    i.HAL_ADC_GetValue  stm32f4xx_hal_adc.o
    0x08002244   0x08002244   0x00000162   Code   RO         1025    i.HAL_ADC_IRQHandler  stm32f4xx_hal_adc.o
    0x080023a6   0x080023a6   0x00000002   PAD
    0x080023a8   0x080023a8   0x00000068   Code   RO         1026    i.HAL_ADC_Init      stm32f4xx_hal_adc.o
    0x08002410   0x08002410   0x00000002   Code   RO         1027    i.HAL_ADC_LevelOutOfWindowCallback  stm32f4xx_hal_adc.o
    0x08002412   0x08002412   0x00000002   PAD
    0x08002414   0x08002414   0x0000010c   Code   RO          323    i.HAL_ADC_MspInit   adc.o
    0x08002520   0x08002520   0x000000ce   Code   RO         1030    i.HAL_ADC_PollForConversion  stm32f4xx_hal_adc.o
    0x080025ee   0x080025ee   0x00000002   PAD
    0x080025f0   0x080025f0   0x0000014c   Code   RO         1032    i.HAL_ADC_Start     stm32f4xx_hal_adc.o
    0x0800273c   0x0800273c   0x00000028   Code   RO         1800    i.HAL_DMA_Abort_IT  stm32f4xx_hal_dma.o
    0x08002764   0x08002764   0x00000240   Code   RO         1804    i.HAL_DMA_IRQHandler  stm32f4xx_hal_dma.o
    0x080029a4   0x080029a4   0x000000ec   Code   RO         1805    i.HAL_DMA_Init      stm32f4xx_hal_dma.o
    0x08002a90   0x08002a90   0x00000028   Code   RO         2223    i.HAL_Delay         stm32f4xx_hal.o
    0x08002ab8   0x08002ab8   0x000001f4   Code   RO         1692    i.HAL_GPIO_Init     stm32f4xx_hal_gpio.o
    0x08002cac   0x08002cac   0x00000014   Code   RO         1695    i.HAL_GPIO_TogglePin  stm32f4xx_hal_gpio.o
    0x08002cc0   0x08002cc0   0x0000000c   Code   RO         1696    i.HAL_GPIO_WritePin  stm32f4xx_hal_gpio.o
    0x08002ccc   0x08002ccc   0x0000000c   Code   RO         2229    i.HAL_GetTick       stm32f4xx_hal.o
    0x08002cd8   0x08002cd8   0x00000018   Code   RO         2235    i.HAL_IncTick       stm32f4xx_hal.o
    0x08002cf0   0x08002cf0   0x0000003c   Code   RO         2236    i.HAL_Init          stm32f4xx_hal.o
    0x08002d2c   0x08002d2c   0x0000004c   Code   RO         2237    i.HAL_InitTick      stm32f4xx_hal.o
    0x08002d78   0x08002d78   0x00000048   Code   RO          663    i.HAL_MspInit       stm32f4xx_hal_msp.o
    0x08002dc0   0x08002dc0   0x00000020   Code   RO         2081    i.HAL_NVIC_EnableIRQ  stm32f4xx_hal_cortex.o
    0x08002de0   0x08002de0   0x0000007c   Code   RO         2087    i.HAL_NVIC_SetPriority  stm32f4xx_hal_cortex.o
    0x08002e5c   0x08002e5c   0x00000028   Code   RO         2088    i.HAL_NVIC_SetPriorityGrouping  stm32f4xx_hal_cortex.o
    0x08002e84   0x08002e84   0x00000184   Code   RO         1293    i.HAL_RCC_ClockConfig  stm32f4xx_hal_rcc.o
    0x08003008   0x08003008   0x0000000c   Code   RO         1298    i.HAL_RCC_GetHCLKFreq  stm32f4xx_hal_rcc.o
    0x08003014   0x08003014   0x00000020   Code   RO         1300    i.HAL_RCC_GetPCLK1Freq  stm32f4xx_hal_rcc.o
    0x08003034   0x08003034   0x00000020   Code   RO         1301    i.HAL_RCC_GetPCLK2Freq  stm32f4xx_hal_rcc.o
    0x08003054   0x08003054   0x000000b0   Code   RO         1302    i.HAL_RCC_GetSysClockFreq  stm32f4xx_hal_rcc.o
    0x08003104   0x08003104   0x000004a0   Code   RO         1305    i.HAL_RCC_OscConfig  stm32f4xx_hal_rcc.o
    0x080035a4   0x080035a4   0x00000002   Code   RO         2481    i.HAL_SPI_ErrorCallback  stm32f4xx_hal_spi.o
    0x080035a6   0x080035a6   0x00000002   PAD
    0x080035a8   0x080035a8   0x0000015c   Code   RO         2484    i.HAL_SPI_IRQHandler  stm32f4xx_hal_spi.o
    0x08003704   0x08003704   0x000000c8   Code   RO         2485    i.HAL_SPI_Init      stm32f4xx_hal_spi.o
    0x080037cc   0x080037cc   0x00000110   Code   RO          394    i.HAL_SPI_MspInit   spi.o
    0x080038dc   0x080038dc   0x000001ae   Code   RO         2493    i.HAL_SPI_Transmit  stm32f4xx_hal_spi.o
    0x08003a8a   0x08003a8a   0x0000022a   Code   RO         2494    i.HAL_SPI_TransmitReceive  stm32f4xx_hal_spi.o
    0x08003cb4   0x08003cb4   0x00000110   Code   RO          694    i.HAL_SYSTICK_Callback  motor.o
    0x08003dc4   0x08003dc4   0x00000034   Code   RO         2092    i.HAL_SYSTICK_Config  stm32f4xx_hal_cortex.o
    0x08003df8   0x08003df8   0x00000008   Code   RO         2093    i.HAL_SYSTICK_IRQHandler  stm32f4xx_hal_cortex.o
    0x08003e00   0x08003e00   0x00000002   Code   RO         3513    i.HAL_TIMEx_BreakCallback  stm32f4xx_hal_tim_ex.o
    0x08003e02   0x08003e02   0x00000002   Code   RO         3514    i.HAL_TIMEx_CommutCallback  stm32f4xx_hal_tim_ex.o
    0x08003e04   0x08003e04   0x00000074   Code   RO         3516    i.HAL_TIMEx_ConfigBreakDeadTime  stm32f4xx_hal_tim_ex.o
    0x08003e78   0x08003e78   0x000000b4   Code   RO         3532    i.HAL_TIMEx_MasterConfigSynchronization  stm32f4xx_hal_tim_ex.o
    0x08003f2c   0x08003f2c   0x000000f4   Code   RO         3543    i.HAL_TIMEx_PWMN_Start  stm32f4xx_hal_tim_ex.o
    0x08004020   0x08004020   0x00000088   Code   RO         3546    i.HAL_TIMEx_PWMN_Stop  stm32f4xx_hal_tim_ex.o
    0x080040a8   0x080040a8   0x00000066   Code   RO         2798    i.HAL_TIM_Base_Init  stm32f4xx_hal_tim.o
    0x0800410e   0x0800410e   0x00000002   PAD
    0x08004110   0x08004110   0x00000078   Code   RO          442    i.HAL_TIM_Base_MspInit  tim.o
    0x08004188   0x08004188   0x000000a8   Code   RO         2803    i.HAL_TIM_Base_Start_IT  stm32f4xx_hal_tim.o
    0x08004230   0x08004230   0x0000010c   Code   RO         2807    i.HAL_TIM_ConfigClockSource  stm32f4xx_hal_tim.o
    0x0800433c   0x0800433c   0x00000002   Code   RO         2832    i.HAL_TIM_IC_CaptureCallback  stm32f4xx_hal_tim.o
    0x0800433e   0x0800433e   0x00000196   Code   RO         2846    i.HAL_TIM_IRQHandler  stm32f4xx_hal_tim.o
    0x080044d4   0x080044d4   0x000000a0   Code   RO          443    i.HAL_TIM_MspPostInit  tim.o
    0x08004574   0x08004574   0x00000002   Code   RO         2849    i.HAL_TIM_OC_DelayElapsedCallback  stm32f4xx_hal_tim.o
    0x08004576   0x08004576   0x00000104   Code   RO         2870    i.HAL_TIM_PWM_ConfigChannel  stm32f4xx_hal_tim.o
    0x0800467a   0x0800467a   0x00000066   Code   RO         2873    i.HAL_TIM_PWM_Init  stm32f4xx_hal_tim.o
    0x080046e0   0x080046e0   0x00000002   Code   RO         2875    i.HAL_TIM_PWM_MspInit  stm32f4xx_hal_tim.o
    0x080046e2   0x080046e2   0x00000002   Code   RO         2876    i.HAL_TIM_PWM_PulseFinishedCallback  stm32f4xx_hal_tim.o
    0x080046e4   0x080046e4   0x0000010c   Code   RO         2878    i.HAL_TIM_PWM_Start  stm32f4xx_hal_tim.o
    0x080047f0   0x080047f0   0x000000a8   Code   RO         2881    i.HAL_TIM_PWM_Stop  stm32f4xx_hal_tim.o
    0x08004898   0x08004898   0x0000004c   Code   RO          940    i.HAL_TIM_PeriodElapsedCallback  user_fcn.o
    0x080048e4   0x080048e4   0x00000002   Code   RO         2889    i.HAL_TIM_TriggerCallback  stm32f4xx_hal_tim.o
    0x080048e6   0x080048e6   0x00000072   Code   RO         3809    i.HAL_UART_Init     stm32f4xx_hal_uart.o
    0x08004958   0x08004958   0x00000088   Code   RO          496    i.HAL_UART_MspInit  usart.o
    0x080049e0   0x080049e0   0x000000dc   Code   RO         3812    i.HAL_UART_Receive  stm32f4xx_hal_uart.o
    0x08004abc   0x08004abc   0x00000004   Code   RO          567    i.HardFault_Handler  stm32f4xx_it.o
    0x08004ac0   0x08004ac0   0x00000046   Code   RO         4314    i.LCD_Address_Set   lcd_init.o
    0x08004b06   0x08004b06   0x00000020   Code   RO         4186    i.LCD_DrawPoint     lcd.o
    0x08004b26   0x08004b26   0x0000004a   Code   RO         4188    i.LCD_Fill          lcd.o
    0x08004b70   0x08004b70   0x00000250   Code   RO         4315    i.LCD_Init          lcd_init.o
    0x08004dc0   0x08004dc0   0x00000150   Code   RO         4189    i.LCD_ShowChar      lcd.o
    0x08004f10   0x08004f10   0x000000b4   Code   RO         4195    i.LCD_ShowFloatNum1  lcd.o
    0x08004fc4   0x08004fc4   0x00000042   Code   RO         4198    i.LCD_ShowString    lcd.o
    0x08005006   0x08005006   0x00000012   Code   RO         4316    i.LCD_WR_DATA       lcd_init.o
    0x08005018   0x08005018   0x0000000c   Code   RO         4317    i.LCD_WR_DATA8      lcd_init.o
    0x08005024   0x08005024   0x00000028   Code   RO         4318    i.LCD_WR_REG        lcd_init.o
    0x0800504c   0x0800504c   0x00000034   Code   RO         4319    i.LCD_Writ_Bus      lcd_init.o
    0x08005080   0x08005080   0x00000040   Code   RO          695    i.LED_DIR           motor.o
    0x080050c0   0x080050c0   0x0000020c   Code   RO          324    i.MX_ADC1_Init      adc.o
    0x080052cc   0x080052cc   0x00000038   Code   RO          366    i.MX_DMA_Init       dma.o
    0x08005304   0x08005304   0x00000168   Code   RO          193    i.MX_GPIO_Init      gpio.o
    0x0800546c   0x0800546c   0x0000004c   Code   RO          395    i.MX_SPI1_Init      spi.o
    0x080054b8   0x080054b8   0x00000048   Code   RO          396    i.MX_SPI3_Init      spi.o
    0x08005500   0x08005500   0x00000124   Code   RO          444    i.MX_TIM1_Init      tim.o
    0x08005624   0x08005624   0x0000006c   Code   RO          445    i.MX_TIM5_Init      tim.o
    0x08005690   0x08005690   0x00000038   Code   RO          497    i.MX_USART1_UART_Init  usart.o
    0x080056c8   0x080056c8   0x00000004   Code   RO          568    i.MemManage_Handler  stm32f4xx_it.o
    0x080056cc   0x080056cc   0x00000004   Code   RO          569    i.NMI_Handler       stm32f4xx_it.o
    0x080056d0   0x080056d0   0x00000178   Code   RO          696    i.PID_Init          motor.o
    0x08005848   0x08005848   0x00000046   Code   RO          697    i.Park_Transf       motor.o
    0x0800588e   0x0800588e   0x00000002   Code   RO          570    i.PendSV_Handler    stm32f4xx_it.o
    0x08005890   0x08005890   0x0000007a   Code   RO          698    i.Posi_Pid_Calc     motor.o
    0x0800590a   0x0800590a   0x00000042   Code   RO          699    i.Rev_Park_Transf   motor.o
    0x0800594c   0x0800594c   0x00000010   Code   RO          571    i.SPI1_IRQHandler   stm32f4xx_it.o
    0x0800595c   0x0800595c   0x00000060   Code   RO          916    i.SPI_AS5048A_ReadData  sensor_spi.o
    0x080059bc   0x080059bc   0x00000014   Code   RO         2512    i.SPI_DMAAbortOnError  stm32f4xx_hal_spi.o
    0x080059d0   0x080059d0   0x0000006c   Code   RO         2523    i.SPI_EndRxTxTransaction  stm32f4xx_hal_spi.o
    0x08005a3c   0x08005a3c   0x000000d8   Code   RO         2528    i.SPI_WaitFlagStateUntilTimeout  stm32f4xx_hal_spi.o
    0x08005b14   0x08005b14   0x00000002   Code   RO          572    i.SVC_Handler       stm32f4xx_it.o
    0x08005b16   0x08005b16   0x00000002   PAD
    0x08005b18   0x08005b18   0x00000668   Code   RO          700    i.SVPWM_Calc        motor.o
    0x08006180   0x08006180   0x00000084   Code   RO          701    i.Speed_Pid_Calc    motor.o
    0x08006204   0x08006204   0x000000d8   Code   RO          702    i.Start_Up          motor.o
    0x080062dc   0x080062dc   0x0000000c   Code   RO          573    i.SysTick_Handler   stm32f4xx_it.o
    0x080062e8   0x080062e8   0x000000b4   Code   RO           14    i.SystemClock_Config  main.o
    0x0800639c   0x0800639c   0x00000014   Code   RO         4148    i.SystemInit        system_stm32f4xx.o
    0x080063b0   0x080063b0   0x00000010   Code   RO          574    i.TIM5_IRQHandler   stm32f4xx_it.o
    0x080063c0   0x080063c0   0x000000d8   Code   RO         2891    i.TIM_Base_SetConfig  stm32f4xx_hal_tim.o
    0x08006498   0x08006498   0x00000022   Code   RO         2892    i.TIM_CCxChannelCmd  stm32f4xx_hal_tim.o
    0x080064ba   0x080064ba   0x00000022   Code   RO         3552    i.TIM_CCxNChannelCmd  stm32f4xx_hal_tim_ex.o
    0x080064dc   0x080064dc   0x00000016   Code   RO         2902    i.TIM_ETR_SetConfig  stm32f4xx_hal_tim.o
    0x080064f2   0x080064f2   0x00000012   Code   RO         2903    i.TIM_ITRx_SetConfig  stm32f4xx_hal_tim.o
    0x08006504   0x08006504   0x00000070   Code   RO         2904    i.TIM_OC1_SetConfig  stm32f4xx_hal_tim.o
    0x08006574   0x08006574   0x0000007c   Code   RO         2905    i.TIM_OC2_SetConfig  stm32f4xx_hal_tim.o
    0x080065f0   0x080065f0   0x00000078   Code   RO         2906    i.TIM_OC3_SetConfig  stm32f4xx_hal_tim.o
    0x08006668   0x08006668   0x00000054   Code   RO         2907    i.TIM_OC4_SetConfig  stm32f4xx_hal_tim.o
    0x080066bc   0x080066bc   0x00000026   Code   RO         2909    i.TIM_TI1_ConfigInputStage  stm32f4xx_hal_tim.o
    0x080066e2   0x080066e2   0x00000028   Code   RO         2911    i.TIM_TI2_ConfigInputStage  stm32f4xx_hal_tim.o
    0x0800670a   0x0800670a   0x00000002   PAD
    0x0800670c   0x0800670c   0x0000022c   Code   RO         3836    i.UART_SetConfig    stm32f4xx_hal_uart.o
    0x08006938   0x08006938   0x00000092   Code   RO         3840    i.UART_WaitOnFlagUntilTimeout  stm32f4xx_hal_uart.o
    0x080069ca   0x080069ca   0x00000004   Code   RO          575    i.UsageFault_Handler  stm32f4xx_it.o
    0x080069ce   0x080069ce   0x00000030   Code   RO         5528    i.__ARM_fpclassify  m_wm.l(fpclassify.o)
    0x080069fe   0x080069fe   0x00000002   PAD
    0x08006a00   0x08006a00   0x00000010   Code   RO         2094    i.__NVIC_GetPriorityGrouping  stm32f4xx_hal_cortex.o
    0x08006a10   0x08006a10   0x00000028   Code   RO         2095    i.__NVIC_SetPriority  stm32f4xx_hal_cortex.o
    0x08006a38   0x08006a38   0x0000000e   Code   RO         5383    i._is_digit         c_w.l(__printf_wp.o)
    0x08006a46   0x08006a46   0x00000004   Code   RO          498    i._sys_exit         usart.o
    0x08006a4a   0x08006a4a   0x00000006   Code   RO          499    i._ttywrch          usart.o
    0x08006a50   0x08006a50   0x0000007c   Code   RO          703    i.board_config      motor.o
    0x08006acc   0x08006acc   0x00000058   Code   RO          941    i.control_cmd       user_fcn.o
    0x08006b24   0x08006b24   0x0000000c   Code   RO         4320    i.delay_ms          lcd_init.o
    0x08006b30   0x08006b30   0x00000180   Code   RO          942    i.dis_info_core     user_fcn.o
    0x08006cb0   0x08006cb0   0x00000110   Code   RO          704    i.foc_algorithm_step  motor.o
    0x08006dc0   0x08006dc0   0x00000020   Code   RO          500    i.fputc             usart.o
    0x08006de0   0x08006de0   0x000000b0   Code   RO          705    i.get_DC_BUS        motor.o
    0x08006e90   0x08006e90   0x000000a4   Code   RO          706    i.get_Iab           motor.o
    0x08006f34   0x08006f34   0x00000038   Code   RO          707    i.get_angle         motor.o
    0x08006f6c   0x08006f6c   0x00000050   Code   RO          708    i.get_angle_X       motor.o
    0x08006fbc   0x08006fbc   0x00000016   Code   RO          943    i.gui_init          user_fcn.o
    0x08006fd2   0x08006fd2   0x00000038   Code   RO           15    i.main              main.o
    0x0800700a   0x0800700a   0x00000016   Code   RO         4200    i.mypow             lcd.o
    0x08007020   0x08007020   0x00000224   Code   RO          886    i.ref_Core          ref_signal_in.o
    0x08007244   0x08007244   0x00000038   Code   RO          711    i.shut_pwm          motor.o
    0x0800727c   0x0800727c   0x0000002c   Code   RO         5522    locale$$code        c_w.l(lc_numeric_c.o)
    0x080072a8   0x080072a8   0x000002c4   Code   RO         5401    x$fpl$d2f           g_wm.l(d2f_clz.o)
    0x0800756c   0x0800756c   0x0000024c   Code   RO         5403    x$fpl$dadd          g_wm.l(daddsub_clz.o)
    0x080077b8   0x080077b8   0x00000018   Code   RO         5441    x$fpl$dcmpinf       g_wm.l(dcmpi.o)
    0x080077d0   0x080077d0   0x0000037c   Code   RO         5410    x$fpl$ddiv          g_wm.l(ddiv_clz.o)
    0x08007b4c   0x08007b4c   0x0000002e   Code   RO         5414    x$fpl$dflt          g_wm.l(dflt_clz.o)
    0x08007b7a   0x08007b7a   0x0000001a   Code   RO         5415    x$fpl$dfltn         g_wm.l(dflt_clz.o)
    0x08007b94   0x08007b94   0x00000078   Code   RO         5419    x$fpl$dleqf         g_wm.l(dleqf.o)
    0x08007c0c   0x08007c0c   0x000001c0   Code   RO         5421    x$fpl$dmul          g_wm.l(dmul_clz.o)
    0x08007dcc   0x08007dcc   0x00000102   Code   RO         5443    x$fpl$dnaninf       g_wm.l(dnaninf.o)
    0x08007ece   0x08007ece   0x00000070   Code   RO         5445    x$fpl$drenorm       g_wm.l(drenorm_clz.o)
    0x08007f3e   0x08007f3e   0x0000000c   Code   RO         5447    x$fpl$dretinf       g_wm.l(dretinf.o)
    0x08007f4a   0x08007f4a   0x00000062   Code   RO         5423    x$fpl$drleqf        g_wm.l(drleqf.o)
    0x08007fac   0x08007fac   0x0000029c   Code   RO         5405    x$fpl$dsub          g_wm.l(daddsub_clz.o)
    0x08008248   0x08008248   0x0000017a   Code   RO         5449    x$fpl$dunder        g_wm.l(dunder_clz.o)
    0x080083c2   0x080083c2   0x00000002   PAD
    0x080083c4   0x080083c4   0x000001ec   Code   RO         5451    x$fpl$exception     g_wm.l(except.o)
    0x080085b0   0x080085b0   0x0000007a   Code   RO         5425    x$fpl$f2d           g_wm.l(f2d.o)
    0x0800862a   0x0800862a   0x000000f2   Code   RO         5453    x$fpl$fnaninf       g_wm.l(fnaninf.o)
    0x0800871c   0x0800871c   0x0000000a   Code   RO         5606    x$fpl$fpinit        g_wm.l(fpinit.o)
    0x08008726   0x08008726   0x0000000a   Code   RO         5455    x$fpl$fretinf       g_wm.l(fretinf.o)
    0x08008730   0x08008730   0x0000013c   Code   RO         5457    x$fpl$funder        g_wm.l(funder_clz.o)
    0x0800886c   0x0800886c   0x00000020   Code   RO         5524    x$fpl$ieeestatus    g_wm.l(istatus.o)
    0x0800888c   0x0800888c   0x00000004   Code   RO         5427    x$fpl$printf1       g_wm.l(printf1.o)
    0x08008890   0x08008890   0x000000b2   Code   RO         5526    x$fpl$retnan        g_wm.l(retnan.o)
    0x08008942   0x08008942   0x0000007e   Code   RO         5459    x$fpl$trapveneer    g_wm.l(trapv.o)
    0x080089c0   0x080089c0   0x00000000   Code   RO         5461    x$fpl$usenofp       g_wm.l(usenofp.o)
    0x080089c0   0x080089c0   0x00000008   Data   RO         1811    .constdata          stm32f4xx_hal_dma.o
    0x080089c8   0x080089c8   0x00000018   Data   RO         4149    .constdata          system_stm32f4xx.o
    0x080089e0   0x080089e0   0x000033f8   Data   RO         4201    .constdata          lcd.o
    0x0800bdd8   0x0800bdd8   0x00000804   Data   RO         5338    .constdata          arm_cortexM4lf_math.lib(arm_common_tables.o)
    0x0800c5dc   0x0800c5dc   0x00000094   Data   RO         5493    .constdata          c_w.l(bigflt0.o)
    0x0800c670   0x0800c670   0x00000020   Data   RO         5671    Region$$Table       anon$$obj.o
    0x0800c690   0x0800c690   0x0000001c   Data   RO         5521    locale$$data        c_w.l(lc_numeric_c.o)


    Execution Region RW_IRAM2 (Exec base: 0x10000000, Load base: 0x0800c7c4, Size: 0x00000000, Max: 0x00010000, ABSOLUTE)

    **** No section assigned to this execution region ****


    Execution Region RW_IRAM1 (Exec base: 0x20000000, Load base: 0x0800c6ac, Size: 0x00000a20, Max: 0x00020000, ABSOLUTE)

    Exec Addr    Load Addr    Size         Type   Attr      Idx    E Section Name        Object

    0x20000000   0x0800c6ac   0x00000004   Data   RW          326    .data               adc.o
    0x20000004   0x0800c6b0   0x00000004   Data   RW          502    .data               usart.o
    0x20000008   0x0800c6b4   0x000000ec   Data   RW          713    .data               motor.o
    0x200000f4   0x0800c7a0   0x00000014   Data   RW          887    .data               ref_signal_in.o
    0x20000108   0x0800c7b4   0x00000009   Data   RW         2243    .data               stm32f4xx_hal.o
    0x20000111   0x0800c7bd   0x00000003   PAD
    0x20000114   0x0800c7c0   0x00000004   Data   RW         4150    .data               system_stm32f4xx.o
    0x20000118        -       0x000000a8   Zero   RW          325    .bss                adc.o
    0x200001c0        -       0x000000b0   Zero   RW          397    .bss                spi.o
    0x20000270        -       0x00000090   Zero   RW          446    .bss                tim.o
    0x20000300        -       0x00000044   Zero   RW          501    .bss                usart.o
    0x20000344        -       0x0000007c   Zero   RW          712    .bss                motor.o
    0x200003c0        -       0x00000060   Zero   RW         5531    .bss                c_w.l(libspace.o)
    0x20000420        -       0x00000200   Zero   RW            2    HEAP                startup_stm32f405xx.o
    0x20000620        -       0x00000400   Zero   RW            1    STACK               startup_stm32f405xx.o


==============================================================================

Image component sizes


      Code (inc. data)   RO Data    RW Data    ZI Data      Debug   Object Name

       792         54          0          4        168       2678   adc.o
        56          4          0          0          0        946   dma.o
       360         22          0          0          0     606159   gpio.o
       710         22      13304          0          0      17017   lcd.o
       796         18          0          0          0       4358   lcd_init.o
       242         10          0          0          0     673044   main.o
      4656        498          0        236        124      20896   motor.o
       548         64          0         20          0       1021   ref_signal_in.o
        96          8          0          0          0        631   sensor_spi.o
       420         40          0          0        176       2630   spi.o
        64         26        392          0       1536        872   startup_stm32f405xx.o
       212         36          0          9          0       9849   stm32f4xx_hal.o
      1758         52          0          0          0       8461   stm32f4xx_hal_adc.o
      1326         48          0          0          0       5258   stm32f4xx_hal_adc_ex.o
       312         22          0          0          0      35352   stm32f4xx_hal_cortex.o
      1074         16          8          0          0       4907   stm32f4xx_hal_dma.o
       532         46          0          0          0       3041   stm32f4xx_hal_gpio.o
        72          4          0          0          0       1038   stm32f4xx_hal_msp.o
      1824         84          0          0          0       6028   stm32f4xx_hal_rcc.o
      1878         20          0          0          0       8673   stm32f4xx_hal_spi.o
      2560        150          0          0          0      18251   stm32f4xx_hal_tim.o
       714         60          0          0          0       6050   stm32f4xx_hal_tim_ex.o
      1036         10          0          0          0       4283   stm32f4xx_hal_uart.o
       102         24          0          0          0       6601   stm32f4xx_it.o
        20          6         24          4          0       1371   system_stm32f4xx.o
       680         48          0          0        144       3625   tim.o
       234         28          0          4         68       4953   usart.o
       570        112          0          0          0       3055   user_fcn.o

    ----------------------------------------------------------------------
     23664       1532      13760        280       2216    1461048   Object Totals
         0          0         32          0          0          0   (incl. Generated)
        20          0          0          3          0          0   (incl. Padding)

    ----------------------------------------------------------------------

      Code (inc. data)   RO Data    RW Data    ZI Data      Debug   Library Member Name

         0          0       2052          0          0       4704   arm_common_tables.o
       120         12          0          0          0      17170   arm_cos_f32.o
       148         18          0          0          0        814   arm_sin_f32.o
         8          0          0          0          0         68   __main.o
       284          0          0          0          0        156   __printf_wp.o
         0          0          0          0          0          0   __rtentry.o
        12          0          0          0          0          0   __rtentry2.o
         6          0          0          0          0          0   __rtentry4.o
        52          8          0          0          0          0   __scatter.o
        26          0          0          0          0          0   __scatter_copy.o
        28          0          0          0          0          0   __scatter_zi.o
        48          4          0          0          0         84   _fptrap.o
        48          6          0          0          0         96   _printf_char_common.o
        36          4          0          0          0         80   _printf_char_file.o
         6          0          0          0          0          0   _printf_f.o
      1054          0          0          0          0        216   _printf_fp_dec.o
       128         16          0          0          0         84   _printf_fp_infnan.o
         0          0          0          0          0          0   _printf_percent.o
         4          0          0          0          0          0   _printf_percent_end.o
       228          4        148          0          0         96   bigflt0.o
      1936        128          0          0          0        672   btod.o
        10          0          0          0          0         68   defsig_exit.o
       172        110          0          0          0         76   defsig_fpe_inner.o
        14          0          0          0          0         80   defsig_fpe_outer.o
        50          0          0          0          0         88   defsig_general.o
        18          0          0          0          0         80   exit.o
         8          0          0          0          0         68   ferror.o
         6          0          0          0          0        152   heapauxi.o
        44         10         28          0          0         76   lc_numeric_c.o
         2          0          0          0          0          0   libinit.o
        22          0          0          0          0          0   libinit2.o
         2          0          0          0          0          0   libshutdown.o
         2          0          0          0          0          0   libshutdown2.o
         8          4          0          0         96         68   libspace.o
       138          0          0          0          0         80   lludiv10.o
       238          0          0          0          0        100   lludivv7m.o
        24          4          0          0          0         84   noretval__2printf.o
         8          4          0          0          0         68   rt_locale_intlibspace.o
        78          0          0          0          0         80   rt_memclr_w.o
         2          0          0          0          0          0   rtexit.o
        10          0          0          0          0          0   rtexit2.o
       128          0          0          0          0         68   strcmpv7m.o
        74          0          0          0          0         80   sys_stackheap_outer.o
         2          0          0          0          0         68   use_no_semi.o
         2          0          0          0          0         68   use_no_semi_2.o
       708         16          0          0          0        140   d2f_clz.o
      1256         28          0          0          0        408   daddsub_clz.o
        24          0          0          0          0        116   dcmpi.o
       892        152          0          0          0        292   ddiv_clz.o
        72          0          0          0          0        232   dflt_clz.o
       120          8          0          0          0        140   dleqf.o
       448         16          0          0          0        164   dmul_clz.o
       258          4          0          0          0        156   dnaninf.o
       112          0          0          0          0        160   drenorm_clz.o
        12          0          0          0          0        116   dretinf.o
        98          0          0          0          0        128   drleqf.o
       378          0          0          0          0        168   dunder_clz.o
       492         36          0          0          0        148   except.o
       122          8          0          0          0        132   f2d.o
       242          4          0          0          0        144   fnaninf.o
        10          0          0          0          0        116   fpinit.o
        10          0          0          0          0        116   fretinf.o
       316          0          0          0          0        132   funder_clz.o
        32          4          0          0          0        116   istatus.o
         4          0          0          0          0        116   printf1.o
       178          0          0          0          0        116   retnan.o
       126          0          0          0          0        148   trapv.o
         0          0          0          0          0          0   usenofp.o
        48          0          0          0          0        124   fpclassify.o

    ----------------------------------------------------------------------
     11208        608       2228          0         96      29320   Library Totals
        16          0          0          0          0          0   (incl. Padding)

    ----------------------------------------------------------------------

      Code (inc. data)   RO Data    RW Data    ZI Data      Debug   Library Name

       268         30       2052          0          0      22688   arm_cortexM4lf_math.lib
      4966        302        176          0         96       3004   c_w.l
      5910        276          0          0          0       3504   g_wm.l
        48          0          0          0          0        124   m_wm.l

    ----------------------------------------------------------------------
     11208        608       2228          0         96      29320   Library Totals

    ----------------------------------------------------------------------

==============================================================================


      Code (inc. data)   RO Data    RW Data    ZI Data      Debug   

     34872       2140      15988        280       2312    1471504   Grand Totals
     34872       2140      15988        280       2312    1471504   ELF Image Totals
     34872       2140      15988        280          0          0   ROM Totals

==============================================================================

    Total RO  Size (Code + RO Data)                50860 (  49.67kB)
    Total RW  Size (RW Data + ZI Data)              2592 (   2.53kB)
    Total ROM Size (Code + RO Data + RW Data)      51140 (  49.94kB)

==============================================================================

